###############################################################################
#
# IAR ELF Linker V8.32.3.193/W32 for ARM                  10/Feb/2021  16:41:27
# Copyright 2007-2019 IAR Systems AB.
#
#    Output file  =  
#        C:\Users\Sugar-lxn\Desktop\RT1064_Library\Seekfree_RT1064_Opensource_Library\Project\IAR\program\nor_sdram_zf_dtcm\Exe\RT106X.out
#    Map file     =  
#        C:\Users\Sugar-lxn\Desktop\RT1064_Library\Seekfree_RT1064_Opensource_Library\Project\IAR\program\nor_sdram_zf_dtcm\List\RT106X.map
#    Command line =  
#        -f C:\Users\SUGAR-~1\AppData\Local\Temp\EWEBDE.tmp
#        (C:\Users\Sugar-lxn\Desktop\RT1064_Library\Seekfree_RT1064_Opensource_Library\Project\IAR\program\nor_sdram_zf_dtcm\Obj\board.o
#        C:\Users\Sugar-lxn\Desktop\RT1064_Library\Seekfree_RT1064_Opensource_Library\Project\IAR\program\nor_sdram_zf_dtcm\Obj\clock_config.o
#        C:\Users\Sugar-lxn\Desktop\RT1064_Library\Seekfree_RT1064_Opensource_Library\Project\IAR\program\nor_sdram_zf_dtcm\Obj\common.o
#        C:\Users\Sugar-lxn\Desktop\RT1064_Library\Seekfree_RT1064_Opensource_Library\Project\IAR\program\nor_sdram_zf_dtcm\Obj\diskio.o
#        C:\Users\Sugar-lxn\Desktop\RT1064_Library\Seekfree_RT1064_Opensource_Library\Project\IAR\program\nor_sdram_zf_dtcm\Obj\evkmimxrt1064_flexspi_nor_config.o
#        C:\Users\Sugar-lxn\Desktop\RT1064_Library\Seekfree_RT1064_Opensource_Library\Project\IAR\program\nor_sdram_zf_dtcm\Obj\evkmimxrt1064_sdram_ini_dcd.o
#        C:\Users\Sugar-lxn\Desktop\RT1064_Library\Seekfree_RT1064_Opensource_Library\Project\IAR\program\nor_sdram_zf_dtcm\Obj\ff.o
#        C:\Users\Sugar-lxn\Desktop\RT1064_Library\Seekfree_RT1064_Opensource_Library\Project\IAR\program\nor_sdram_zf_dtcm\Obj\ffsystem.o
#        C:\Users\Sugar-lxn\Desktop\RT1064_Library\Seekfree_RT1064_Opensource_Library\Project\IAR\program\nor_sdram_zf_dtcm\Obj\ffunicode.o
#        C:\Users\Sugar-lxn\Desktop\RT1064_Library\Seekfree_RT1064_Opensource_Library\Project\IAR\program\nor_sdram_zf_dtcm\Obj\fsl_adc.o
#        C:\Users\Sugar-lxn\Desktop\RT1064_Library\Seekfree_RT1064_Opensource_Library\Project\IAR\program\nor_sdram_zf_dtcm\Obj\fsl_adc_etc.o
#        C:\Users\Sugar-lxn\Desktop\RT1064_Library\Seekfree_RT1064_Opensource_Library\Project\IAR\program\nor_sdram_zf_dtcm\Obj\fsl_aipstz.o
#        C:\Users\Sugar-lxn\Desktop\RT1064_Library\Seekfree_RT1064_Opensource_Library\Project\IAR\program\nor_sdram_zf_dtcm\Obj\fsl_aoi.o
#        C:\Users\Sugar-lxn\Desktop\RT1064_Library\Seekfree_RT1064_Opensource_Library\Project\IAR\program\nor_sdram_zf_dtcm\Obj\fsl_assert.o
#        C:\Users\Sugar-lxn\Desktop\RT1064_Library\Seekfree_RT1064_Opensource_Library\Project\IAR\program\nor_sdram_zf_dtcm\Obj\fsl_bee.o
#        C:\Users\Sugar-lxn\Desktop\RT1064_Library\Seekfree_RT1064_Opensource_Library\Project\IAR\program\nor_sdram_zf_dtcm\Obj\fsl_cache.o
#        C:\Users\Sugar-lxn\Desktop\RT1064_Library\Seekfree_RT1064_Opensource_Library\Project\IAR\program\nor_sdram_zf_dtcm\Obj\fsl_clock.o
#        C:\Users\Sugar-lxn\Desktop\RT1064_Library\Seekfree_RT1064_Opensource_Library\Project\IAR\program\nor_sdram_zf_dtcm\Obj\fsl_cmp.o
#        C:\Users\Sugar-lxn\Desktop\RT1064_Library\Seekfree_RT1064_Opensource_Library\Project\IAR\program\nor_sdram_zf_dtcm\Obj\fsl_common.o
#        C:\Users\Sugar-lxn\Desktop\RT1064_Library\Seekfree_RT1064_Opensource_Library\Project\IAR\program\nor_sdram_zf_dtcm\Obj\fsl_csi.o
#        C:\Users\Sugar-lxn\Desktop\RT1064_Library\Seekfree_RT1064_Opensource_Library\Project\IAR\program\nor_sdram_zf_dtcm\Obj\fsl_dcdc.o
#        C:\Users\Sugar-lxn\Desktop\RT1064_Library\Seekfree_RT1064_Opensource_Library\Project\IAR\program\nor_sdram_zf_dtcm\Obj\fsl_dcp.o
#        C:\Users\Sugar-lxn\Desktop\RT1064_Library\Seekfree_RT1064_Opensource_Library\Project\IAR\program\nor_sdram_zf_dtcm\Obj\fsl_debug_console.o
#        C:\Users\Sugar-lxn\Desktop\RT1064_Library\Seekfree_RT1064_Opensource_Library\Project\IAR\program\nor_sdram_zf_dtcm\Obj\fsl_dmamux.o
#        C:\Users\Sugar-lxn\Desktop\RT1064_Library\Seekfree_RT1064_Opensource_Library\Project\IAR\program\nor_sdram_zf_dtcm\Obj\fsl_edma.o
#        C:\Users\Sugar-lxn\Desktop\RT1064_Library\Seekfree_RT1064_Opensource_Library\Project\IAR\program\nor_sdram_zf_dtcm\Obj\fsl_elcdif.o
#        C:\Users\Sugar-lxn\Desktop\RT1064_Library\Seekfree_RT1064_Opensource_Library\Project\IAR\program\nor_sdram_zf_dtcm\Obj\fsl_enc.o
#        C:\Users\Sugar-lxn\Desktop\RT1064_Library\Seekfree_RT1064_Opensource_Library\Project\IAR\program\nor_sdram_zf_dtcm\Obj\fsl_enet.o
#        C:\Users\Sugar-lxn\Desktop\RT1064_Library\Seekfree_RT1064_Opensource_Library\Project\IAR\program\nor_sdram_zf_dtcm\Obj\fsl_ewm.o
#        C:\Users\Sugar-lxn\Desktop\RT1064_Library\Seekfree_RT1064_Opensource_Library\Project\IAR\program\nor_sdram_zf_dtcm\Obj\fsl_flexcan.o
#        C:\Users\Sugar-lxn\Desktop\RT1064_Library\Seekfree_RT1064_Opensource_Library\Project\IAR\program\nor_sdram_zf_dtcm\Obj\fsl_flexio.o
#        C:\Users\Sugar-lxn\Desktop\RT1064_Library\Seekfree_RT1064_Opensource_Library\Project\IAR\program\nor_sdram_zf_dtcm\Obj\fsl_flexio_camera.o
#        C:\Users\Sugar-lxn\Desktop\RT1064_Library\Seekfree_RT1064_Opensource_Library\Project\IAR\program\nor_sdram_zf_dtcm\Obj\fsl_flexio_i2c_master.o
#        C:\Users\Sugar-lxn\Desktop\RT1064_Library\Seekfree_RT1064_Opensource_Library\Project\IAR\program\nor_sdram_zf_dtcm\Obj\fsl_flexio_i2s.o
#        C:\Users\Sugar-lxn\Desktop\RT1064_Library\Seekfree_RT1064_Opensource_Library\Project\IAR\program\nor_sdram_zf_dtcm\Obj\fsl_flexio_i2s_edma.o
#        C:\Users\Sugar-lxn\Desktop\RT1064_Library\Seekfree_RT1064_Opensource_Library\Project\IAR\program\nor_sdram_zf_dtcm\Obj\fsl_flexio_spi.o
#        C:\Users\Sugar-lxn\Desktop\RT1064_Library\Seekfree_RT1064_Opensource_Library\Project\IAR\program\nor_sdram_zf_dtcm\Obj\fsl_flexio_spi_edma.o
#        C:\Users\Sugar-lxn\Desktop\RT1064_Library\Seekfree_RT1064_Opensource_Library\Project\IAR\program\nor_sdram_zf_dtcm\Obj\fsl_flexio_uart.o
#        C:\Users\Sugar-lxn\Desktop\RT1064_Library\Seekfree_RT1064_Opensource_Library\Project\IAR\program\nor_sdram_zf_dtcm\Obj\fsl_flexio_uart_edma.o
#        C:\Users\Sugar-lxn\Desktop\RT1064_Library\Seekfree_RT1064_Opensource_Library\Project\IAR\program\nor_sdram_zf_dtcm\Obj\fsl_flexram.o
#        C:\Users\Sugar-lxn\Desktop\RT1064_Library\Seekfree_RT1064_Opensource_Library\Project\IAR\program\nor_sdram_zf_dtcm\Obj\fsl_flexspi.o
#        C:\Users\Sugar-lxn\Desktop\RT1064_Library\Seekfree_RT1064_Opensource_Library\Project\IAR\program\nor_sdram_zf_dtcm\Obj\fsl_flexspi_nor_boot.o
#        C:\Users\Sugar-lxn\Desktop\RT1064_Library\Seekfree_RT1064_Opensource_Library\Project\IAR\program\nor_sdram_zf_dtcm\Obj\fsl_gpc.o
#        C:\Users\Sugar-lxn\Desktop\RT1064_Library\Seekfree_RT1064_Opensource_Library\Project\IAR\program\nor_sdram_zf_dtcm\Obj\fsl_gpio.o
#        C:\Users\Sugar-lxn\Desktop\RT1064_Library\Seekfree_RT1064_Opensource_Library\Project\IAR\program\nor_sdram_zf_dtcm\Obj\fsl_gpt.o
#        C:\Users\Sugar-lxn\Desktop\RT1064_Library\Seekfree_RT1064_Opensource_Library\Project\IAR\program\nor_sdram_zf_dtcm\Obj\fsl_kpp.o
#        C:\Users\Sugar-lxn\Desktop\RT1064_Library\Seekfree_RT1064_Opensource_Library\Project\IAR\program\nor_sdram_zf_dtcm\Obj\fsl_lpi2c.o
#        C:\Users\Sugar-lxn\Desktop\RT1064_Library\Seekfree_RT1064_Opensource_Library\Project\IAR\program\nor_sdram_zf_dtcm\Obj\fsl_lpi2c_edma.o
#        C:\Users\Sugar-lxn\Desktop\RT1064_Library\Seekfree_RT1064_Opensource_Library\Project\IAR\program\nor_sdram_zf_dtcm\Obj\fsl_lpspi.o
#        C:\Users\Sugar-lxn\Desktop\RT1064_Library\Seekfree_RT1064_Opensource_Library\Project\IAR\program\nor_sdram_zf_dtcm\Obj\fsl_lpspi_edma.o
#        C:\Users\Sugar-lxn\Desktop\RT1064_Library\Seekfree_RT1064_Opensource_Library\Project\IAR\program\nor_sdram_zf_dtcm\Obj\fsl_lpuart.o
#        C:\Users\Sugar-lxn\Desktop\RT1064_Library\Seekfree_RT1064_Opensource_Library\Project\IAR\program\nor_sdram_zf_dtcm\Obj\fsl_lpuart_edma.o
#        C:\Users\Sugar-lxn\Desktop\RT1064_Library\Seekfree_RT1064_Opensource_Library\Project\IAR\program\nor_sdram_zf_dtcm\Obj\fsl_mmc.o
#        C:\Users\Sugar-lxn\Desktop\RT1064_Library\Seekfree_RT1064_Opensource_Library\Project\IAR\program\nor_sdram_zf_dtcm\Obj\fsl_notifier.o
#        C:\Users\Sugar-lxn\Desktop\RT1064_Library\Seekfree_RT1064_Opensource_Library\Project\IAR\program\nor_sdram_zf_dtcm\Obj\fsl_ocotp.o
#        C:\Users\Sugar-lxn\Desktop\RT1064_Library\Seekfree_RT1064_Opensource_Library\Project\IAR\program\nor_sdram_zf_dtcm\Obj\fsl_pit.o
#        C:\Users\Sugar-lxn\Desktop\RT1064_Library\Seekfree_RT1064_Opensource_Library\Project\IAR\program\nor_sdram_zf_dtcm\Obj\fsl_pmu.o
#        C:\Users\Sugar-lxn\Desktop\RT1064_Library\Seekfree_RT1064_Opensource_Library\Project\IAR\program\nor_sdram_zf_dtcm\Obj\fsl_pwm.o
#        C:\Users\Sugar-lxn\Desktop\RT1064_Library\Seekfree_RT1064_Opensource_Library\Project\IAR\program\nor_sdram_zf_dtcm\Obj\fsl_pxp.o
#        C:\Users\Sugar-lxn\Desktop\RT1064_Library\Seekfree_RT1064_Opensource_Library\Project\IAR\program\nor_sdram_zf_dtcm\Obj\fsl_qtmr.o
#        C:\Users\Sugar-lxn\Desktop\RT1064_Library\Seekfree_RT1064_Opensource_Library\Project\IAR\program\nor_sdram_zf_dtcm\Obj\fsl_rtwdog.o
#        C:\Users\Sugar-lxn\Desktop\RT1064_Library\Seekfree_RT1064_Opensource_Library\Project\IAR\program\nor_sdram_zf_dtcm\Obj\fsl_sai.o
#        C:\Users\Sugar-lxn\Desktop\RT1064_Library\Seekfree_RT1064_Opensource_Library\Project\IAR\program\nor_sdram_zf_dtcm\Obj\fsl_sai_edma.o
#        C:\Users\Sugar-lxn\Desktop\RT1064_Library\Seekfree_RT1064_Opensource_Library\Project\IAR\program\nor_sdram_zf_dtcm\Obj\fsl_sbrk.o
#        C:\Users\Sugar-lxn\Desktop\RT1064_Library\Seekfree_RT1064_Opensource_Library\Project\IAR\program\nor_sdram_zf_dtcm\Obj\fsl_sd.o
#        C:\Users\Sugar-lxn\Desktop\RT1064_Library\Seekfree_RT1064_Opensource_Library\Project\IAR\program\nor_sdram_zf_dtcm\Obj\fsl_sd_disk.o
#        C:\Users\Sugar-lxn\Desktop\RT1064_Library\Seekfree_RT1064_Opensource_Library\Project\IAR\program\nor_sdram_zf_dtcm\Obj\fsl_sdio.o
#        C:\Users\Sugar-lxn\Desktop\RT1064_Library\Seekfree_RT1064_Opensource_Library\Project\IAR\program\nor_sdram_zf_dtcm\Obj\fsl_sdmmc_common.o
#        C:\Users\Sugar-lxn\Desktop\RT1064_Library\Seekfree_RT1064_Opensource_Library\Project\IAR\program\nor_sdram_zf_dtcm\Obj\fsl_sdmmc_event.o
#        C:\Users\Sugar-lxn\Desktop\RT1064_Library\Seekfree_RT1064_Opensource_Library\Project\IAR\program\nor_sdram_zf_dtcm\Obj\fsl_sdmmc_host.o
#        C:\Users\Sugar-lxn\Desktop\RT1064_Library\Seekfree_RT1064_Opensource_Library\Project\IAR\program\nor_sdram_zf_dtcm\Obj\fsl_semc.o
#        C:\Users\Sugar-lxn\Desktop\RT1064_Library\Seekfree_RT1064_Opensource_Library\Project\IAR\program\nor_sdram_zf_dtcm\Obj\fsl_shell.o
#        C:\Users\Sugar-lxn\Desktop\RT1064_Library\Seekfree_RT1064_Opensource_Library\Project\IAR\program\nor_sdram_zf_dtcm\Obj\fsl_snvs_hp.o
#        C:\Users\Sugar-lxn\Desktop\RT1064_Library\Seekfree_RT1064_Opensource_Library\Project\IAR\program\nor_sdram_zf_dtcm\Obj\fsl_snvs_lp.o
#        C:\Users\Sugar-lxn\Desktop\RT1064_Library\Seekfree_RT1064_Opensource_Library\Project\IAR\program\nor_sdram_zf_dtcm\Obj\fsl_spdif.o
#        C:\Users\Sugar-lxn\Desktop\RT1064_Library\Seekfree_RT1064_Opensource_Library\Project\IAR\program\nor_sdram_zf_dtcm\Obj\fsl_spdif_edma.o
#        C:\Users\Sugar-lxn\Desktop\RT1064_Library\Seekfree_RT1064_Opensource_Library\Project\IAR\program\nor_sdram_zf_dtcm\Obj\fsl_src.o
#        C:\Users\Sugar-lxn\Desktop\RT1064_Library\Seekfree_RT1064_Opensource_Library\Project\IAR\program\nor_sdram_zf_dtcm\Obj\fsl_str.o
#        C:\Users\Sugar-lxn\Desktop\RT1064_Library\Seekfree_RT1064_Opensource_Library\Project\IAR\program\nor_sdram_zf_dtcm\Obj\fsl_tempmon.o
#        C:\Users\Sugar-lxn\Desktop\RT1064_Library\Seekfree_RT1064_Opensource_Library\Project\IAR\program\nor_sdram_zf_dtcm\Obj\fsl_trng.o
#        C:\Users\Sugar-lxn\Desktop\RT1064_Library\Seekfree_RT1064_Opensource_Library\Project\IAR\program\nor_sdram_zf_dtcm\Obj\fsl_tsc.o
#        C:\Users\Sugar-lxn\Desktop\RT1064_Library\Seekfree_RT1064_Opensource_Library\Project\IAR\program\nor_sdram_zf_dtcm\Obj\fsl_usdhc.o
#        C:\Users\Sugar-lxn\Desktop\RT1064_Library\Seekfree_RT1064_Opensource_Library\Project\IAR\program\nor_sdram_zf_dtcm\Obj\fsl_wdog.o
#        C:\Users\Sugar-lxn\Desktop\RT1064_Library\Seekfree_RT1064_Opensource_Library\Project\IAR\program\nor_sdram_zf_dtcm\Obj\fsl_xbara.o
#        C:\Users\Sugar-lxn\Desktop\RT1064_Library\Seekfree_RT1064_Opensource_Library\Project\IAR\program\nor_sdram_zf_dtcm\Obj\fsl_xbarb.o
#        C:\Users\Sugar-lxn\Desktop\RT1064_Library\Seekfree_RT1064_Opensource_Library\Project\IAR\program\nor_sdram_zf_dtcm\Obj\generic_list.o
#        C:\Users\Sugar-lxn\Desktop\RT1064_Library\Seekfree_RT1064_Opensource_Library\Project\IAR\program\nor_sdram_zf_dtcm\Obj\isr.o
#        C:\Users\Sugar-lxn\Desktop\RT1064_Library\Seekfree_RT1064_Opensource_Library\Project\IAR\program\nor_sdram_zf_dtcm\Obj\lpuart_adapter.o
#        C:\Users\Sugar-lxn\Desktop\RT1064_Library\Seekfree_RT1064_Opensource_Library\Project\IAR\program\nor_sdram_zf_dtcm\Obj\main.o
#        C:\Users\Sugar-lxn\Desktop\RT1064_Library\Seekfree_RT1064_Opensource_Library\Project\IAR\program\nor_sdram_zf_dtcm\Obj\pin_mux.o
#        C:\Users\Sugar-lxn\Desktop\RT1064_Library\Seekfree_RT1064_Opensource_Library\Project\IAR\program\nor_sdram_zf_dtcm\Obj\SEEKFREE_18TFT.o
#        C:\Users\Sugar-lxn\Desktop\RT1064_Library\Seekfree_RT1064_Opensource_Library\Project\IAR\program\nor_sdram_zf_dtcm\Obj\SEEKFREE_FONT.o
#        C:\Users\Sugar-lxn\Desktop\RT1064_Library\Seekfree_RT1064_Opensource_Library\Project\IAR\program\nor_sdram_zf_dtcm\Obj\SEEKFREE_FUN.o
#        C:\Users\Sugar-lxn\Desktop\RT1064_Library\Seekfree_RT1064_Opensource_Library\Project\IAR\program\nor_sdram_zf_dtcm\Obj\SEEKFREE_ICM20602.o
#        C:\Users\Sugar-lxn\Desktop\RT1064_Library\Seekfree_RT1064_Opensource_Library\Project\IAR\program\nor_sdram_zf_dtcm\Obj\SEEKFREE_IIC.o
#        C:\Users\Sugar-lxn\Desktop\RT1064_Library\Seekfree_RT1064_Opensource_Library\Project\IAR\program\nor_sdram_zf_dtcm\Obj\SEEKFREE_IPS114_SPI.o
#        C:\Users\Sugar-lxn\Desktop\RT1064_Library\Seekfree_RT1064_Opensource_Library\Project\IAR\program\nor_sdram_zf_dtcm\Obj\SEEKFREE_IPS200_PARALLEL8.o
#        C:\Users\Sugar-lxn\Desktop\RT1064_Library\Seekfree_RT1064_Opensource_Library\Project\IAR\program\nor_sdram_zf_dtcm\Obj\SEEKFREE_L3G4200D.o
#        C:\Users\Sugar-lxn\Desktop\RT1064_Library\Seekfree_RT1064_Opensource_Library\Project\IAR\program\nor_sdram_zf_dtcm\Obj\SEEKFREE_MMA8451.o
#        C:\Users\Sugar-lxn\Desktop\RT1064_Library\Seekfree_RT1064_Opensource_Library\Project\IAR\program\nor_sdram_zf_dtcm\Obj\SEEKFREE_MPU6050.o
#        C:\Users\Sugar-lxn\Desktop\RT1064_Library\Seekfree_RT1064_Opensource_Library\Project\IAR\program\nor_sdram_zf_dtcm\Obj\SEEKFREE_MT9V03X.o
#        C:\Users\Sugar-lxn\Desktop\RT1064_Library\Seekfree_RT1064_Opensource_Library\Project\IAR\program\nor_sdram_zf_dtcm\Obj\SEEKFREE_MT9V03X_CSI.o
#        C:\Users\Sugar-lxn\Desktop\RT1064_Library\Seekfree_RT1064_Opensource_Library\Project\IAR\program\nor_sdram_zf_dtcm\Obj\SEEKFREE_NRF24L01.o
#        C:\Users\Sugar-lxn\Desktop\RT1064_Library\Seekfree_RT1064_Opensource_Library\Project\IAR\program\nor_sdram_zf_dtcm\Obj\SEEKFREE_OLED.o
#        C:\Users\Sugar-lxn\Desktop\RT1064_Library\Seekfree_RT1064_Opensource_Library\Project\IAR\program\nor_sdram_zf_dtcm\Obj\SEEKFREE_PRINTF.o
#        C:\Users\Sugar-lxn\Desktop\RT1064_Library\Seekfree_RT1064_Opensource_Library\Project\IAR\program\nor_sdram_zf_dtcm\Obj\SEEKFREE_SCC8660.o
#        C:\Users\Sugar-lxn\Desktop\RT1064_Library\Seekfree_RT1064_Opensource_Library\Project\IAR\program\nor_sdram_zf_dtcm\Obj\SEEKFREE_SCC8660_CSI.o
#        C:\Users\Sugar-lxn\Desktop\RT1064_Library\Seekfree_RT1064_Opensource_Library\Project\IAR\program\nor_sdram_zf_dtcm\Obj\SEEKFREE_VIRSCO.o
#        C:\Users\Sugar-lxn\Desktop\RT1064_Library\Seekfree_RT1064_Opensource_Library\Project\IAR\program\nor_sdram_zf_dtcm\Obj\SEEKFREE_W25QXXJV.o
#        C:\Users\Sugar-lxn\Desktop\RT1064_Library\Seekfree_RT1064_Opensource_Library\Project\IAR\program\nor_sdram_zf_dtcm\Obj\SEEKFREE_WIRELESS.o
#        C:\Users\Sugar-lxn\Desktop\RT1064_Library\Seekfree_RT1064_Opensource_Library\Project\IAR\program\nor_sdram_zf_dtcm\Obj\serial_manager.o
#        C:\Users\Sugar-lxn\Desktop\RT1064_Library\Seekfree_RT1064_Opensource_Library\Project\IAR\program\nor_sdram_zf_dtcm\Obj\serial_port_uart.o
#        C:\Users\Sugar-lxn\Desktop\RT1064_Library\Seekfree_RT1064_Opensource_Library\Project\IAR\program\nor_sdram_zf_dtcm\Obj\startup_MIMXRT1064.o
#        C:\Users\Sugar-lxn\Desktop\RT1064_Library\Seekfree_RT1064_Opensource_Library\Project\IAR\program\nor_sdram_zf_dtcm\Obj\system_MIMXRT1064.o
#        C:\Users\Sugar-lxn\Desktop\RT1064_Library\Seekfree_RT1064_Opensource_Library\Project\IAR\program\nor_sdram_zf_dtcm\Obj\usb_device_cdc_acm.o
#        C:\Users\Sugar-lxn\Desktop\RT1064_Library\Seekfree_RT1064_Opensource_Library\Project\IAR\program\nor_sdram_zf_dtcm\Obj\usb_device_ch9.o
#        C:\Users\Sugar-lxn\Desktop\RT1064_Library\Seekfree_RT1064_Opensource_Library\Project\IAR\program\nor_sdram_zf_dtcm\Obj\usb_device_class.o
#        C:\Users\Sugar-lxn\Desktop\RT1064_Library\Seekfree_RT1064_Opensource_Library\Project\IAR\program\nor_sdram_zf_dtcm\Obj\usb_device_dci.o
#        C:\Users\Sugar-lxn\Desktop\RT1064_Library\Seekfree_RT1064_Opensource_Library\Project\IAR\program\nor_sdram_zf_dtcm\Obj\usb_device_descriptor.o
#        C:\Users\Sugar-lxn\Desktop\RT1064_Library\Seekfree_RT1064_Opensource_Library\Project\IAR\program\nor_sdram_zf_dtcm\Obj\usb_device_ehci.o
#        C:\Users\Sugar-lxn\Desktop\RT1064_Library\Seekfree_RT1064_Opensource_Library\Project\IAR\program\nor_sdram_zf_dtcm\Obj\usb_phy.o
#        C:\Users\Sugar-lxn\Desktop\RT1064_Library\Seekfree_RT1064_Opensource_Library\Project\IAR\program\nor_sdram_zf_dtcm\Obj\zf_adc.o
#        C:\Users\Sugar-lxn\Desktop\RT1064_Library\Seekfree_RT1064_Opensource_Library\Project\IAR\program\nor_sdram_zf_dtcm\Obj\zf_camera.o
#        C:\Users\Sugar-lxn\Desktop\RT1064_Library\Seekfree_RT1064_Opensource_Library\Project\IAR\program\nor_sdram_zf_dtcm\Obj\zf_csi.o
#        C:\Users\Sugar-lxn\Desktop\RT1064_Library\Seekfree_RT1064_Opensource_Library\Project\IAR\program\nor_sdram_zf_dtcm\Obj\zf_flash.o
#        C:\Users\Sugar-lxn\Desktop\RT1064_Library\Seekfree_RT1064_Opensource_Library\Project\IAR\program\nor_sdram_zf_dtcm\Obj\zf_gpio.o
#        C:\Users\Sugar-lxn\Desktop\RT1064_Library\Seekfree_RT1064_Opensource_Library\Project\IAR\program\nor_sdram_zf_dtcm\Obj\zf_iic.o
#        C:\Users\Sugar-lxn\Desktop\RT1064_Library\Seekfree_RT1064_Opensource_Library\Project\IAR\program\nor_sdram_zf_dtcm\Obj\zf_iomuxc.o
#        C:\Users\Sugar-lxn\Desktop\RT1064_Library\Seekfree_RT1064_Opensource_Library\Project\IAR\program\nor_sdram_zf_dtcm\Obj\zf_pit.o
#        C:\Users\Sugar-lxn\Desktop\RT1064_Library\Seekfree_RT1064_Opensource_Library\Project\IAR\program\nor_sdram_zf_dtcm\Obj\zf_pwm.o
#        C:\Users\Sugar-lxn\Desktop\RT1064_Library\Seekfree_RT1064_Opensource_Library\Project\IAR\program\nor_sdram_zf_dtcm\Obj\zf_qtimer.o
#        C:\Users\Sugar-lxn\Desktop\RT1064_Library\Seekfree_RT1064_Opensource_Library\Project\IAR\program\nor_sdram_zf_dtcm\Obj\zf_rom_api.o
#        C:\Users\Sugar-lxn\Desktop\RT1064_Library\Seekfree_RT1064_Opensource_Library\Project\IAR\program\nor_sdram_zf_dtcm\Obj\zf_sdcard.o
#        C:\Users\Sugar-lxn\Desktop\RT1064_Library\Seekfree_RT1064_Opensource_Library\Project\IAR\program\nor_sdram_zf_dtcm\Obj\zf_spi.o
#        C:\Users\Sugar-lxn\Desktop\RT1064_Library\Seekfree_RT1064_Opensource_Library\Project\IAR\program\nor_sdram_zf_dtcm\Obj\zf_systick.o
#        C:\Users\Sugar-lxn\Desktop\RT1064_Library\Seekfree_RT1064_Opensource_Library\Project\IAR\program\nor_sdram_zf_dtcm\Obj\zf_uart.o
#        C:\Users\Sugar-lxn\Desktop\RT1064_Library\Seekfree_RT1064_Opensource_Library\Project\IAR\program\nor_sdram_zf_dtcm\Obj\zf_usb_cdc.o
#        C:\Users\Sugar-lxn\Desktop\RT1064_Library\Seekfree_RT1064_Opensource_Library\Project\IAR\program\nor_sdram_zf_dtcm\Obj\zf_vector.o
#        --no_out_extension -o
#        C:\Users\Sugar-lxn\Desktop\RT1064_Library\Seekfree_RT1064_Opensource_Library\Project\IAR\program\nor_sdram_zf_dtcm\Exe\RT106X.out
#        --map
#        C:\Users\Sugar-lxn\Desktop\RT1064_Library\Seekfree_RT1064_Opensource_Library\Project\IAR\program\nor_sdram_zf_dtcm\List\RT106X.map
#        --config
#        C:\Users\Sugar-lxn\Desktop\RT1064_Library\Seekfree_RT1064_Opensource_Library\Project\IAR\program\..\..\IAR\icf\MIMXRT1064xxxxx_flexspi_nor.icf
#        --semihosting --entry __iar_program_start --vfe --text_out locale)
#
###############################################################################

*******************************************************************************
*** RUNTIME MODEL ATTRIBUTES
***

CppFlavor       = *
__Heap_Handler  = DLMalloc
__SystemLibrary = DLib
__dlib_version  = 6


*******************************************************************************
*** HEAP SELECTION
***

The advanced heap was selected because the application calls memory
allocation functions outside of system library functions, and there
are calls to deallocation functions in the application.


*******************************************************************************
*** PLACEMENT SUMMARY
***

"A0":  place at 0x7000'2000 { ro section .intvec };
"A2":  place at 0x7000'0000 { section .boot_hdr.conf };
"A3":  place at 0x7000'1000 { section .boot_hdr.ivt };
"A4":  place at 0x7000'1020 { ro section .boot_hdr.boot_data };
"A5":  place at 0x7000'1030 { ro section .boot_hdr.dcd_data };
"P1":  place in [from 0x7000'2000 to 0x7000'23ff] |
                [from 0x7000'2400 to 0x703f'ffff] { ro };
define block RW { first rw, section m_usb_dma_init_data };
"P2":  place in [from 0x8000'0000 to 0x8000'03ff] |
                [from 0x8000'0400 to 0x81df'ffff] { block RW };
define block SDRAM_VAR
   with alignment = 8 { section SDRAM_CACHE, section SDRAM_CACHE.init };
"P11": place in [from 0x8000'0000 to 0x8000'03ff] |
                [from 0x8000'0400 to 0x81df'ffff] { block SDRAM_VAR };
define block ZI
   with alignment = 32 { first zi, section m_usb_dma_noninit_data };
"P3":  place in [from 0x2000'0000 to 0x2006'efff] { block ZI };
"P4":  place in [from 0x2000'0000 to 0x2006'efff] { section .data };
"P5":  place in [from 0x2000'0000 to 0x2006'efff] { section .textrw };
define block DTCM_VAR
   with alignment = 8 { section NonCacheable, section NonCacheable.init };
"P9":  place in [from 0x2000'0000 to 0x2006'efff] { block DTCM_VAR };
define block CSTACK with size = 4K, alignment = 8 { };
"P7":  place in [from 0x2006'f000 to 0x2006'ffff] { block CSTACK };
define block OCRAM_VAR
   with alignment = 8 { section OCRAM_CACHE, section OCRAM_CACHE.init };
"P10": place in [from 0x2020'0000 to 0x2027'ffff] { block OCRAM_VAR };
initialize by copy { rw, section .textrw };
initialize by copy { ro }
   except {
      ro section .intvec, ro object system_MIMXRT1064.o,
      ro object startup_MIMXRT1064.o, section .boot_hdr.conf,
      section .boot_hdr.ivt, section .boot_hdr.boot_data,
      section .boot_hdr.dcd_data };
keep {
   section .boot_hdr.conf, section .boot_hdr.ivt, section .boot_hdr.boot_data,
   section .boot_hdr.dcd_data };

No sections matched the following patterns:

  section .intvec_RAM              in "A1"
  section .textrw                  in "P3-P5|P9"
  section ITCM_NonCacheable        in block ITCM_VAR
  section ITCM_NonCacheable.init   in block ITCM_VAR
  section NonCacheable.init        in block DTCM_VAR
  section OCRAM_CACHE.init         in block OCRAM_VAR
  section SDRAM_CACHE              in block SDRAM_VAR
  section SDRAM_CACHE.init         in block SDRAM_VAR
  section SDRAM_NonCacheable       in block SDRAM_NCACHE_VAR
  section SDRAM_NonCacheable.init  in block SDRAM_NCACHE_VAR
  section m_usb_dma_init_data      in block RW
  section m_usb_dma_noninit_data   in block ZI


  Section              Kind         Address     Size  Object
  -------              ----         -------     ----  ------
"P3-P5|P9", part 1 of 2:                        0x94
  P3-P5|P9 s0                   0x2000'0000     0x94  <Init block>
    .data              inited   0x2000'0000     0x28  zf_gpio.o [1]
    .data              inited   0x2000'0028     0x24  SEEKFREE_MT9V03X_CSI.o [1]
    .data              inited   0x2000'004c     0x24  zf_uart.o [1]
    .data              inited   0x2000'0070     0x20  SEEKFREE_MT9V03X_CSI.o [1]
    .data              inited   0x2000'0090      0x4  system_MIMXRT1064.o [1]
                              - 0x2000'0094     0x94

"P3-P5|P9", part 2 of 2:                     0x10b38
  DTCM_VAR                      0x2000'00c0  0x108a8  <Block>
    NonCacheable       zero     0x2000'00c0   0x5820  SEEKFREE_MT9V03X_CSI.o [1]
    NonCacheable       zero     0x2000'5900   0x5820  SEEKFREE_MT9V03X_CSI.o [1]
    NonCacheable       zero     0x2000'b120   0x5820  SEEKFREE_MT9V03X.o [1]
  ZI                            0x2001'0940    0x290  <Block>
    .bss               zero     0x2001'0940      0x1  common.o [1]
    .bss               zero     0x2001'0944      0x4  fsl_clock.o [1]
    .bss               zero     0x2001'0948      0x4  fsl_clock.o [1]
    .bss               zero     0x2001'094c      0x4  fsl_csi.o [1]
    .bss               zero     0x2001'0950      0x4  fsl_csi.o [1]
    .bss               zero     0x2001'0954     0x1c  fsl_debug_console.o [1]
    .bss               zero     0x2001'0970      0x4  fsl_debug_console.o [1]
    .bss               zero     0x2001'0974     0x80  fsl_edma.o [1]
    .bss               zero     0x2001'09f4      0xc  fsl_enet.o [1]
    .bss               zero     0x2001'0a00      0x4  fsl_enet.o [1]
    .bss               zero     0x2001'0a04      0x4  fsl_enet.o [1]
    .bss               zero     0x2001'0a08      0x4  fsl_enet.o [1]
    .bss               zero     0x2001'0a0c      0x4  fsl_enet.o [1]
    .bss               zero     0x2001'0a10     0x10  fsl_flexcan.o [1]
    .bss               zero     0x2001'0a20      0x4  fsl_flexcan.o [1]
    .bss               zero     0x2001'0a24      0x8  fsl_flexio.o [1]
    .bss               zero     0x2001'0a2c      0x8  fsl_flexio.o [1]
    .bss               zero     0x2001'0a34      0x8  fsl_flexio.o [1]
    .bss               zero     0x2001'0a3c      0x4  fsl_lpi2c.o [1]
    .bss               zero     0x2001'0a40     0x14  fsl_lpi2c.o [1]
    .bss               zero     0x2001'0a54      0x4  fsl_lpi2c.o [1]
    .bss               zero     0x2001'0a58     0x14  fsl_lpi2c.o [1]
    .bss               zero     0x2001'0a6c     0x14  fsl_lpspi.o [1]
    .bss               zero     0x2001'0a80      0x4  fsl_lpspi.o [1]
    .bss               zero     0x2001'0a84      0x4  fsl_lpspi.o [1]
    .bss               zero     0x2001'0a88     0x24  fsl_lpuart.o [1]
    .bss               zero     0x2001'0aac      0x4  fsl_lpuart.o [1]
    .bss               zero     0x2001'0ab0     0x20  fsl_sai.o [1]
    .bss               zero     0x2001'0ad0      0x4  fsl_sai.o [1]
    .bss               zero     0x2001'0ad4      0x4  fsl_sai.o [1]
    .bss               zero     0x2001'0ad8      0x4  fsl_sdmmc_event.o [1]
    .bss               zero     0x2001'0adc      0x4  fsl_sdmmc_event.o [1]
    .bss               zero     0x2001'0ae0      0x4  fsl_sdmmc_event.o [1]
    .bss               zero     0x2001'0ae4     0x28  fsl_sdmmc_host.o [1]
    .bss               zero     0x2001'0b0c      0x1  fsl_sdmmc_host.o [1]
    .bss               zero     0x2001'0b10      0x8  fsl_spdif.o [1]
    .bss               zero     0x2001'0b18      0x4  fsl_spdif.o [1]
    .bss               zero     0x2001'0b1c      0x4  fsl_spdif.o [1]
    .bss               zero     0x2001'0b20      0xc  fsl_usdhc.o [1]
    .bss               zero     0x2001'0b2c      0x4  fsl_usdhc.o [1]
    .bss               zero     0x2001'0b30      0x4  SEEKFREE_MT9V03X.o [1]
    .bss               zero     0x2001'0b34      0x1  SEEKFREE_MT9V03X.o [1]
    .bss               zero     0x2001'0b35      0x1  SEEKFREE_MT9V03X.o [1]
    .bss               zero     0x2001'0b38      0x4  SEEKFREE_MT9V03X_CSI.o [1]
    .bss               zero     0x2001'0b3c      0x1  SEEKFREE_MT9V03X_CSI.o [1]
    .bss               zero     0x2001'0b40      0x8  SEEKFREE_MT9V03X_CSI.o [1]
    .bss               zero     0x2001'0b48     0x30  SEEKFREE_MT9V03X_CSI.o [1]
    .bss               zero     0x2001'0b78      0x1  SEEKFREE_MT9V03X_CSI.o [1]
    .bss               zero     0x2001'0b7c      0x4  SEEKFREE_SCC8660.o [1]
    .bss               zero     0x2001'0b80     0x1c  zf_camera.o [1]
    .bss               zero     0x2001'0b9c     0x1c  zf_csi.o [1]
    .bss               zero     0x2001'0bb8      0x4  zf_csi.o [1]
    .bss               zero     0x2001'0bbc      0x1  zf_systick.o [1]
    .bss               zero     0x2001'0bc0     0x10  zf_usb_cdc.o [1]
                              - 0x2001'0bd0  0x10b38

"P7":                                         0x1000
  CSTACK                        0x2006'f000   0x1000  <Block>
    CSTACK             uninit   0x2006'f000   0x1000  <Block tail>
                              - 0x2007'0000   0x1000

"P10":                                       0x12c00
  OCRAM_VAR                     0x2020'0000  0x12c00  <Block>
    OCRAM_CACHE        zero     0x2020'0000   0x9600  SEEKFREE_SCC8660.o [1]
    OCRAM_CACHE        zero     0x2020'9600   0x9600  SEEKFREE_SCC8660.o [1]
                              - 0x2021'2c00  0x12c00

"A2":                                          0x200
  .boot_hdr.conf       const    0x7000'0000    0x200  evkmimxrt1064_flexspi_nor_config.o [1]
                              - 0x7000'0200    0x200

"A3":                                           0x20
  .boot_hdr.ivt        const    0x7000'1000     0x20  fsl_flexspi_nor_boot.o [1]
                              - 0x7000'1020     0x20

"A4":                                           0x10
  .boot_hdr.boot_data  const    0x7000'1020     0x10  fsl_flexspi_nor_boot.o [1]
                              - 0x7000'1030     0x10

"A5":                                          0x430
  .boot_hdr.dcd_data   const    0x7000'1030    0x430  evkmimxrt1064_sdram_ini_dcd.o [1]
                              - 0x7000'1460    0x430

"A0":                                          0x440
  .intvec              const    0x7000'2000    0x400  zf_vector.o [1]
  .intvec              ro code  0x7000'2400     0x40  vector_table_M.o [4]
                              - 0x7000'2440    0x440

"P1":                                         0x8c01
  .text                ro code  0x7000'2440    0x1f6  lz77_init.o [4]
  .text                ro code  0x7000'2636      0x6  abort.o [2]
  .text                ro code  0x7000'263c     0x14  exit.o [5]
  .text                ro code  0x7000'2650    0x18a  system_MIMXRT1064.o [1]
  .text                ro code  0x7000'27da     0x3a  zero_init3.o [4]
  .text                ro code  0x7000'2814     0x6c  startup_MIMXRT1064.o [1]
  .text                ro code  0x7000'2880     0x28  data_init.o [4]
  .text                ro code  0x7000'28a8     0x22  fpinit_M.o [3]
  .iar.init_table      const    0x7000'28cc     0x58  - Linker created -
  Veneer               ro code  0x7000'2924      0x8  - Linker created -
  Veneer               ro code  0x7000'292c      0x8  - Linker created -
  .text                ro code  0x7000'2934     0x1e  cmain.o [4]
  .text                ro code  0x7000'2952      0x4  low_level_init.o [2]
  .text                ro code  0x7000'2956      0xc  cstartup_M.o [4]
  .rodata              const    0x7000'2962      0x0  zero_init3.o [4]
  .rodata              const    0x7000'2962      0x0  lz77_init.o [4]
  Initializer bytes    const    0x7000'2962   0x8667  <for RW-1>
  Initializer bytes    const    0x7000'afc9     0x78  <for P3-P5|P9 s0>
                              - 0x7000'b041   0x8c01

"P2|P11":                                     0xf550
  RW                            0x8000'0400   0xf550  <Block>
    RW-1                        0x8000'0400   0xf550  <Init block>
      .rodata          inited   0x8000'0400    0x420  pow64.o [3]
      .rodata          inited   0x8000'0820     0x18  clock_config.o [1]
      .rodata          inited   0x8000'0838     0x78  clock_config.o [1]
      .rodata          inited   0x8000'08b0     0x10  clock_config.o [1]
      .rodata          inited   0x8000'08c0      0x8  clock_config.o [1]
      .rodata          inited   0x8000'08c8     0x2c  fsl_assert.o [1]
      .rodata          inited   0x8000'08f4     0x10  fsl_clock.o [1]
      .rodata          inited   0x8000'0904     0x78  fsl_clock.o [1]
      .rodata          inited   0x8000'097c     0x10  fsl_clock.o [1]
      .rodata          inited   0x8000'098c     0x10  fsl_csi.o [1]
      .rodata          inited   0x8000'099c     0x78  fsl_csi.o [1]
      .rodata          inited   0x8000'0a14     0x3c  fsl_csi.o [1]
      .rodata          inited   0x8000'0a50     0x78  fsl_csi.o [1]
      .rodata          inited   0x8000'0ac8      0x8  fsl_csi.o [1]
      .rodata          inited   0x8000'0ad0      0x8  fsl_csi.o [1]
      .rodata          inited   0x8000'0ad8      0x4  fsl_csi.o [1]
      .rodata          inited   0x8000'0adc      0x8  fsl_debug_console.o [1]
      .rodata          inited   0x8000'0ae4     0x94  fsl_debug_console.o [1]
      .rodata          inited   0x8000'0b78      0xc  fsl_debug_console.o [1]
      .rodata          inited   0x8000'0b84     0x28  fsl_debug_console.o [1]
      .rodata          inited   0x8000'0bac     0x10  fsl_debug_console.o [1]
      .rodata          inited   0x8000'0bbc     0x78  fsl_edma.o [1]
      .rodata          inited   0x8000'0c34     0x1c  fsl_edma.o [1]
      .rodata          inited   0x8000'0c50      0xc  fsl_edma.o [1]
      .rodata          inited   0x8000'0c5c     0x3c  fsl_enet.o [1]
      .rodata          inited   0x8000'0c98     0x78  fsl_enet.o [1]
      .rodata          inited   0x8000'0d10      0xc  fsl_enet.o [1]
      .rodata          inited   0x8000'0d1c     0x7c  fsl_flexcan.o [1]
      .rodata          inited   0x8000'0d98     0x18  fsl_flexcan.o [1]
      .rodata          inited   0x8000'0db0     0x18  fsl_flexcan.o [1]
      .rodata          inited   0x8000'0dc8     0x18  fsl_flexcan.o [1]
      .rodata          inited   0x8000'0de0     0x78  fsl_gpio.o [1]
      .rodata          inited   0x8000'0e58      0xc  fsl_gpio.o [1]
      .rodata          inited   0x8000'0e64     0x10  fsl_gpt.o [1]
      .rodata          inited   0x8000'0e74     0x78  fsl_gpt.o [1]
      .rodata          inited   0x8000'0eec     0x1c  fsl_gpt.o [1]
      .rodata          inited   0x8000'0f08     0x78  fsl_gpt.o [1]
      .rodata          inited   0x8000'0f80     0x3c  fsl_gpt.o [1]
      .rodata          inited   0x8000'0fbc     0x78  fsl_gpt.o [1]
      .rodata          inited   0x8000'1034     0x10  fsl_gpt.o [1]
      .rodata          inited   0x8000'1044      0xc  fsl_gpt.o [1]
      .rodata          inited   0x8000'1050      0xc  fsl_gpt.o [1]
      .rodata          inited   0x8000'105c      0x8  fsl_gpt.o [1]
      .rodata          inited   0x8000'1064     0x78  fsl_lpspi.o [1]
      .rodata          inited   0x8000'10dc     0x14  fsl_lpspi.o [1]
      .rodata          inited   0x8000'10f0     0x14  fsl_lpspi.o [1]
      .rodata          inited   0x8000'1104     0x14  fsl_lpspi.o [1]
      .rodata          inited   0x8000'1118     0x14  fsl_lpspi.o [1]
      .rodata          inited   0x8000'112c     0x10  fsl_lpuart.o [1]
      .rodata          inited   0x8000'113c     0x78  fsl_lpuart.o [1]
      .rodata          inited   0x8000'11b4     0x40  fsl_lpuart.o [1]
      .rodata          inited   0x8000'11f4     0x7c  fsl_lpuart.o [1]
      .rodata          inited   0x8000'1270      0xc  fsl_lpuart.o [1]
      .rodata          inited   0x8000'127c      0xc  fsl_lpuart.o [1]
      .rodata          inited   0x8000'1288      0xc  fsl_lpuart.o [1]
      .rodata          inited   0x8000'1294     0x1c  fsl_lpuart.o [1]
      .rodata          inited   0x8000'12b0     0x28  fsl_lpuart.o [1]
      .rodata          inited   0x8000'12d8     0x28  fsl_lpuart.o [1]
      .rodata          inited   0x8000'1300     0x24  fsl_lpuart.o [1]
      .rodata          inited   0x8000'1324     0x14  fsl_lpuart.o [1]
      .rodata          inited   0x8000'1338     0x14  fsl_lpuart.o [1]
      .rodata          inited   0x8000'134c     0x78  fsl_sai.o [1]
      .rodata          inited   0x8000'13c4     0x18  fsl_sai.o [1]
      .rodata          inited   0x8000'13dc     0x18  fsl_sai.o [1]
      .rodata          inited   0x8000'13f4      0xc  fsl_sdmmc_host.o [1]
      .rodata          inited   0x8000'1400     0x94  fsl_sdmmc_host.o [1]
      .rodata          inited   0x8000'1494      0xc  fsl_usdhc.o [1]
      .rodata          inited   0x8000'14a0      0x8  lpuart_adapter.o [1]
      .rodata          inited   0x8000'14a8     0x88  lpuart_adapter.o [1]
      .rodata          inited   0x8000'1530      0x8  lpuart_adapter.o [1]
      .rodata          inited   0x8000'1538     0x4c  lpuart_adapter.o [1]
      .rodata          inited   0x8000'1584     0x28  lpuart_adapter.o [1]
      .rodata          inited   0x8000'15ac      0x8  lpuart_adapter.o [1]
      .rodata          inited   0x8000'15b4      0x8  lpuart_adapter.o [1]
      .rodata          inited   0x8000'15bc     0x24  lpuart_adapter.o [1]
      .rodata          inited   0x8000'15e0      0xc  main.o [1]
      .rodata          inited   0x8000'15ec    0x5f0  SEEKFREE_FONT.o [1]
      .rodata          inited   0x8000'1bdc      0xc  serial_manager.o [1]
      .rodata          inited   0x8000'1be8     0x90  serial_manager.o [1]
      .rodata          inited   0x8000'1c78      0x8  serial_manager.o [1]
      .rodata          inited   0x8000'1c80      0x8  serial_manager.o [1]
      .rodata          inited   0x8000'1c88      0x8  serial_manager.o [1]
      .rodata          inited   0x8000'1c90      0xc  serial_manager.o [1]
      .rodata          inited   0x8000'1c9c      0x8  serial_manager.o [1]
      .rodata          inited   0x8000'1ca4     0x10  serial_manager.o [1]
      .rodata          inited   0x8000'1cb4     0x10  serial_port_uart.o [1]
      .rodata          inited   0x8000'1cc4     0x94  serial_port_uart.o [1]
      .rodata          inited   0x8000'1d58     0x10  serial_port_uart.o [1]
      .rodata          inited   0x8000'1d68      0x8  serial_port_uart.o [1]
      .rodata          inited   0x8000'1d70      0x8  serial_port_uart.o [1]
      .rodata          inited   0x8000'1d78     0x18  zf_csi.o [1]
      .rodata          inited   0x8000'1d90     0x78  zf_csi.o [1]
      .rodata          inited   0x8000'1e08     0x74  zf_csi.o [1]
      .rodata          inited   0x8000'1e7c     0x10  zf_iomuxc.o [1]
      .rodata          inited   0x8000'1e8c     0x78  zf_iomuxc.o [1]
      .rodata          inited   0x8000'1f04     0x78  zf_iomuxc.o [1]
      .rodata          inited   0x8000'1f7c     0x1c  zf_systick.o [1]
      .rodata          inited   0x8000'1f98     0x94  zf_systick.o [1]
      .rodata          inited   0x8000'202c     0x28  zf_systick.o [1]
      .rodata          inited   0x8000'2054     0x74  zf_uart.o [1]
      .text            inited   0x8000'20c8    0x314  board.o [1]
      .text            inited   0x8000'23dc    0x6f4  clock_config.o [1]
      .text            inited   0x8000'2ad0     0x1c  fsl_assert.o [1]
      .text            inited   0x8000'2aec    0x7b4  fsl_clock.o [1]
      .text            inited   0x8000'32a0    0x628  fsl_csi.o [1]
      .text            inited   0x8000'38c8    0x1f8  fsl_debug_console.o [1]
      .text            inited   0x8000'3ac0    0x44c  fsl_edma.o [1]
      .text            inited   0x8000'3f0c     0xe8  fsl_enet.o [1]
      .text            inited   0x8000'3ff4     0x98  fsl_flexcan.o [1]
      .text            inited   0x8000'408c     0x64  fsl_flexio.o [1]
      .text            inited   0x8000'40f0     0x3c  fsl_flexio_camera.o [1]
      .text            inited   0x8000'412c     0xee  fsl_gpio.o [1]
      .text            inited   0x8000'421c    0x230  fsl_gpt.o [1]
      .text            inited   0x8000'444c     0x90  fsl_lpi2c.o [1]
      .text            inited   0x8000'44dc     0xf0  fsl_lpspi.o [1]
      .text            inited   0x8000'45cc    0xa34  fsl_lpuart.o [1]
      .text            inited   0x8000'5000    0x138  fsl_sai.o [1]
      .text            inited   0x8000'5138     0x50  fsl_sdmmc_event.o [1]
      .text            inited   0x8000'5188     0xcc  fsl_sdmmc_host.o [1]
      .text            inited   0x8000'5254     0x44  fsl_spdif.o [1]
      .text            inited   0x8000'5298    0x964  fsl_str.o [1]
      .text            inited   0x8000'5bfc     0x30  fsl_usdhc.o [1]
      .text            inited   0x8000'5c2c    0x114  isr.o [1]
      .text            inited   0x8000'5d40    0x174  lpuart_adapter.o [1]
      .text            inited   0x8000'5eb4     0x60  main.o [1]
      .text            inited   0x8000'5f14    0x540  SEEKFREE_IPS200_PARALLEL8.o [1]
      .text            inited   0x8000'6454    0x11c  SEEKFREE_MT9V03X.o [1]
      .text            inited   0x8000'6570    0x184  SEEKFREE_MT9V03X_CSI.o [1]
      .text            inited   0x8000'66f4     0x54  SEEKFREE_SCC8660.o [1]
      .text            inited   0x8000'6748    0x238  serial_manager.o [1]
      .text            inited   0x8000'6980     0xd4  serial_port_uart.o [1]
      .text            inited   0x8000'6a54    0x17a  usb_device_dci.o [1]
      .text            inited   0x8000'6bd0    0x5e0  usb_device_ehci.o [1]
      .text            inited   0x8000'71b0     0x2c  zf_camera.o [1]
      .text            inited   0x8000'71dc    0x374  zf_csi.o [1]
      .text            inited   0x8000'7550    0x1b4  zf_gpio.o [1]
      .text            inited   0x8000'7704   0x6ab0  zf_iomuxc.o [1]
      .text            inited   0x8000'e1b4    0x124  zf_systick.o [1]
      .text            inited   0x8000'e2d8    0x458  zf_uart.o [1]
      .text            inited   0x8000'e730     0x20  zf_usb_cdc.o [1]
      .text            inited   0x8000'e750     0x66  ABImemset.o [4]
      .text            inited   0x8000'e7b8     0x86  ABImemcpy.o [4]
      .text            inited   0x8000'e840    0x274  I64DivMod.o [4]
      .text            inited   0x8000'eab4      0x6  ABImemclr4.o [4]
      .text            inited   0x8000'eabc     0x36  strlen.o [4]
      .text            inited   0x8000'eaf4     0x5c  DblToS64.o [3]
      .text            inited   0x8000'eb50     0x52  S64ToDbl.o [3]
      .text            inited   0x8000'eba4     0x9e  modf.o [3]
      .text            inited   0x8000'ec44    0x570  pow64.o [3]
      .text            inited   0x8000'f1b4      0x2  I64DivZer.o [4]
      .text            inited   0x8000'f1b8     0x32  ABImemset48.o [4]
      .text            inited   0x8000'f1ec    0x368  iar_Exp64.o [3]
      .text            inited   0x8000'f554     0x7c  frexp.o [3]
      .text            inited   0x8000'f5d0     0xf0  ldexp.o [3]
      Veneer           inited   0x8000'f6c0      0x8  - Linker created -
      .text            inited   0x8000'f6c8      0xa  cexit.o [4]
      .rodata          inited   0x8000'f6d2      0x2  fsl_csi.o [1]
      .rodata          inited   0x8000'f6d4      0x2  fsl_csi.o [1]
      .text            inited   0x8000'f6d6     0x10  common.o [1]
      .text            inited   0x8000'f6e6      0x8  zf_vector.o [1]
      .text            inited   0x8000'f6ee      0x8  zf_vector.o [1]
      .text            inited   0x8000'f6f6      0x8  zf_vector.o [1]
      .text            inited   0x8000'f6fe      0x8  zf_vector.o [1]
      .text            inited   0x8000'f706      0x8  zf_vector.o [1]
      .text            inited   0x8000'f70e      0x8  zf_vector.o [1]
      .text            inited   0x8000'f716      0x8  zf_vector.o [1]
      .text            inited   0x8000'f71e      0x8  zf_vector.o [1]
      .text            inited   0x8000'f726      0x8  zf_vector.o [1]
      .text            inited   0x8000'f72e      0x8  zf_vector.o [1]
      .text            inited   0x8000'f736      0x8  zf_vector.o [1]
      .text            inited   0x8000'f73e      0x8  zf_vector.o [1]
      .text            inited   0x8000'f746      0x8  zf_vector.o [1]
      .text            inited   0x8000'f74e      0x8  zf_vector.o [1]
      .text            inited   0x8000'f756      0x8  zf_vector.o [1]
      .text            inited   0x8000'f75e      0x8  zf_vector.o [1]
      .text            inited   0x8000'f766      0x8  zf_vector.o [1]
      .text            inited   0x8000'f76e      0x2  zf_vector.o [1]
      .text            inited   0x8000'f770      0x2  zf_vector.o [1]
      .text            inited   0x8000'f772      0x2  zf_vector.o [1]
      .text            inited   0x8000'f774      0x8  zf_vector.o [1]
      .text            inited   0x8000'f77c      0x8  zf_vector.o [1]
      .text            inited   0x8000'f784      0x8  zf_vector.o [1]
      .text            inited   0x8000'f78c      0x8  zf_vector.o [1]
      .text            inited   0x8000'f794      0x8  zf_vector.o [1]
      .text            inited   0x8000'f79c      0x8  zf_vector.o [1]
      .text            inited   0x8000'f7a4      0x8  zf_vector.o [1]
      .text            inited   0x8000'f7ac      0x8  zf_vector.o [1]
      .text            inited   0x8000'f7b4      0x8  zf_vector.o [1]
      .text            inited   0x8000'f7bc      0x8  zf_vector.o [1]
      .text            inited   0x8000'f7c4      0x8  zf_vector.o [1]
      .text            inited   0x8000'f7cc      0x8  zf_vector.o [1]
      .text            inited   0x8000'f7d4      0x8  zf_vector.o [1]
      .text            inited   0x8000'f7dc      0x8  zf_vector.o [1]
      .text            inited   0x8000'f7e4      0x8  zf_vector.o [1]
      .text            inited   0x8000'f7ec      0x8  zf_vector.o [1]
      .text            inited   0x8000'f7f4      0x8  zf_vector.o [1]
      .text            inited   0x8000'f7fc      0x8  zf_vector.o [1]
      .text            inited   0x8000'f804      0x2  zf_vector.o [1]
      .text            inited   0x8000'f806      0x2  zf_vector.o [1]
      .text            inited   0x8000'f808      0x2  zf_vector.o [1]
      .text            inited   0x8000'f80a      0x2  zf_vector.o [1]
      .text            inited   0x8000'f80c      0x2  zf_vector.o [1]
      .text            inited   0x8000'f80e      0x2  zf_vector.o [1]
      .text            inited   0x8000'f810      0x2  zf_vector.o [1]
      .text            inited   0x8000'f812      0x2  zf_vector.o [1]
      .text            inited   0x8000'f814      0x2  zf_vector.o [1]
      .text            inited   0x8000'f816      0x2  zf_vector.o [1]
      .text            inited   0x8000'f818      0x2  zf_vector.o [1]
      .text            inited   0x8000'f81a      0x2  zf_vector.o [1]
      .text            inited   0x8000'f81c      0x2  zf_vector.o [1]
      .text            inited   0x8000'f81e      0x2  zf_vector.o [1]
      .text            inited   0x8000'f820      0x2  zf_vector.o [1]
      .text            inited   0x8000'f822      0x2  zf_vector.o [1]
      .text            inited   0x8000'f824      0x2  zf_vector.o [1]
      .text            inited   0x8000'f826      0x8  zf_vector.o [1]
      .text            inited   0x8000'f82e      0x8  zf_vector.o [1]
      .text            inited   0x8000'f836      0x8  zf_vector.o [1]
      .text            inited   0x8000'f83e      0x8  zf_vector.o [1]
      .text            inited   0x8000'f846      0x8  zf_vector.o [1]
      .text            inited   0x8000'f84e      0x2  zf_vector.o [1]
      .text            inited   0x8000'f850      0x2  zf_vector.o [1]
      .text            inited   0x8000'f852      0x2  zf_vector.o [1]
      .text            inited   0x8000'f854      0x2  zf_vector.o [1]
      .text            inited   0x8000'f856      0x2  zf_vector.o [1]
      .text            inited   0x8000'f858      0x2  zf_vector.o [1]
      .text            inited   0x8000'f85a      0x2  zf_vector.o [1]
      .text            inited   0x8000'f85c      0x2  zf_vector.o [1]
      .text            inited   0x8000'f85e      0x2  zf_vector.o [1]
      .text            inited   0x8000'f860      0x2  zf_vector.o [1]
      .text            inited   0x8000'f862      0x2  zf_vector.o [1]
      .text            inited   0x8000'f864      0x2  zf_vector.o [1]
      .text            inited   0x8000'f866      0x2  zf_vector.o [1]
      .text            inited   0x8000'f868      0x2  zf_vector.o [1]
      .text            inited   0x8000'f86a      0x2  zf_vector.o [1]
      .text            inited   0x8000'f86c      0x2  zf_vector.o [1]
      .text            inited   0x8000'f86e      0x2  zf_vector.o [1]
      .text            inited   0x8000'f870      0x2  zf_vector.o [1]
      .text            inited   0x8000'f872      0x2  zf_vector.o [1]
      .text            inited   0x8000'f874      0x2  zf_vector.o [1]
      .text            inited   0x8000'f876      0x2  zf_vector.o [1]
      .text            inited   0x8000'f878      0x2  zf_vector.o [1]
      .text            inited   0x8000'f87a      0x2  zf_vector.o [1]
      .text            inited   0x8000'f87c      0x2  zf_vector.o [1]
      .text            inited   0x8000'f87e      0x2  zf_vector.o [1]
      .text            inited   0x8000'f880      0x2  zf_vector.o [1]
      .text            inited   0x8000'f882      0x8  zf_vector.o [1]
      .text            inited   0x8000'f88a      0x8  zf_vector.o [1]
      .text            inited   0x8000'f892      0x2  zf_vector.o [1]
      .text            inited   0x8000'f894      0x2  zf_vector.o [1]
      .text            inited   0x8000'f896      0x2  zf_vector.o [1]
      .text            inited   0x8000'f898      0x2  zf_vector.o [1]
      .text            inited   0x8000'f89a      0x2  zf_vector.o [1]
      .text            inited   0x8000'f89c      0x2  zf_vector.o [1]
      .text            inited   0x8000'f89e      0x2  zf_vector.o [1]
      .text            inited   0x8000'f8a0      0x2  zf_vector.o [1]
      .text            inited   0x8000'f8a2      0x2  zf_vector.o [1]
      .text            inited   0x8000'f8a4      0x2  zf_vector.o [1]
      .text            inited   0x8000'f8a6      0x2  zf_vector.o [1]
      .text            inited   0x8000'f8a8      0x2  zf_vector.o [1]
      .text            inited   0x8000'f8aa      0x2  zf_vector.o [1]
      .text            inited   0x8000'f8ac      0x2  zf_vector.o [1]
      .text            inited   0x8000'f8ae      0x2  zf_vector.o [1]
      .text            inited   0x8000'f8b0      0x8  zf_vector.o [1]
      .text            inited   0x8000'f8b8      0x8  zf_vector.o [1]
      .text            inited   0x8000'f8c0      0x2  zf_vector.o [1]
      .text            inited   0x8000'f8c2      0x8  zf_vector.o [1]
      .text            inited   0x8000'f8ca      0x8  zf_vector.o [1]
      .text            inited   0x8000'f8d2      0x8  zf_vector.o [1]
      .text            inited   0x8000'f8da      0x2  zf_vector.o [1]
      .text            inited   0x8000'f8dc      0x2  zf_vector.o [1]
      .text            inited   0x8000'f8de      0x2  zf_vector.o [1]
      .text            inited   0x8000'f8e0      0x2  zf_vector.o [1]
      .text            inited   0x8000'f8e2      0x2  zf_vector.o [1]
      .text            inited   0x8000'f8e4      0x2  zf_vector.o [1]
      .text            inited   0x8000'f8e6      0x2  zf_vector.o [1]
      .text            inited   0x8000'f8e8      0x2  zf_vector.o [1]
      .text            inited   0x8000'f8ea      0x2  zf_vector.o [1]
      .text            inited   0x8000'f8ec      0x2  zf_vector.o [1]
      .text            inited   0x8000'f8ee      0x2  zf_vector.o [1]
      .text            inited   0x8000'f8f0      0x2  zf_vector.o [1]
      .text            inited   0x8000'f8f2      0x2  zf_vector.o [1]
      .text            inited   0x8000'f8f4      0x2  zf_vector.o [1]
      .text            inited   0x8000'f8f6      0x2  zf_vector.o [1]
      .text            inited   0x8000'f8f8      0x2  zf_vector.o [1]
      .text            inited   0x8000'f8fa      0x2  zf_vector.o [1]
      .text            inited   0x8000'f8fc      0x2  zf_vector.o [1]
      .text            inited   0x8000'f8fe      0x2  zf_vector.o [1]
      .text            inited   0x8000'f900      0x2  zf_vector.o [1]
      .text            inited   0x8000'f902      0x2  zf_vector.o [1]
      .text            inited   0x8000'f904      0x2  zf_vector.o [1]
      .text            inited   0x8000'f906      0x2  zf_vector.o [1]
      .text            inited   0x8000'f908      0x2  zf_vector.o [1]
      .text            inited   0x8000'f90a      0x2  zf_vector.o [1]
      .text            inited   0x8000'f90c      0x2  zf_vector.o [1]
      .text            inited   0x8000'f90e      0x2  zf_vector.o [1]
      .text            inited   0x8000'f910      0x2  zf_vector.o [1]
      .text            inited   0x8000'f912      0x2  zf_vector.o [1]
      .text            inited   0x8000'f914      0x2  zf_vector.o [1]
      .text            inited   0x8000'f916      0x2  zf_vector.o [1]
      .text            inited   0x8000'f918      0x2  zf_vector.o [1]
      .text            inited   0x8000'f91a      0x2  zf_vector.o [1]
      .text            inited   0x8000'f91c      0x2  zf_vector.o [1]
      .text            inited   0x8000'f91e      0x2  zf_vector.o [1]
      .text            inited   0x8000'f920      0x8  zf_vector.o [1]
      .text            inited   0x8000'f928      0x8  zf_vector.o [1]
      .text            inited   0x8000'f930      0x8  zf_vector.o [1]
      .text            inited   0x8000'f938      0x2  zf_vector.o [1]
      .text            inited   0x8000'f93a      0x8  zf_vector.o [1]
      .text            inited   0x8000'f942      0x2  zf_vector.o [1]
      .text            inited   0x8000'f944      0x2  zf_vector.o [1]
      .text            inited   0x8000'f946      0x2  zf_vector.o [1]
      .text            inited   0x8000'f948      0x2  zf_vector.o [1]
      .text            inited   0x8000'f94a      0x2  zf_vector.o [1]
      .text            inited   0x8000'f94c      0x4  exit.o [2]
                              - 0x8000'f950   0xf550

Unused ranges:

         From           To        Size
         ----           --        ----
  0x2000'0094  0x2000'0097         0x4
  0x2001'0bd0  0x2006'efff    0x5'e430
  0x2021'2c00  0x2027'ffff    0x6'd400
  0x7000'b041  0x703f'ffff   0x3f'4fbf
  0x8000'0000  0x8000'03ff       0x400
  0x8000'f950  0x81df'ffff  0x1df'06b0


*******************************************************************************
*** INIT TABLE
***

          Address      Size
          -------      ----
Zero (__iar_zero_init3)
    3 destination ranges, total size 0x23710:
          0x2000'00c0  0x10880
          0x2001'0940    0x290
          0x2020'0000  0x12c00

Copy/lz77 (__iar_lz77_init3)
    1 source range, total size 0x8667 (54% of destination):
          0x7000'2962   0x8667
    1 destination range, total size 0xf550:
          0x8000'0400   0xf550

Copy/lz77 (__iar_lz77_init3)
    1 source range, total size 0x78 (81% of destination):
          0x7000'afc9     0x78
    1 destination range, total size 0x94:
          0x2000'0000     0x94



*******************************************************************************
*** MODULE SUMMARY
***

    Module                              ro code  rw code  ro data  rw data
    ------                              -------  -------  -------  -------
command line/config:
    ----------------------------------------------------------------------
    Total:

C:\Users\Sugar-lxn\Desktop\RT1064_Library\Seekfree_RT1064_Opensource_Library\Project\IAR\program\nor_sdram_zf_dtcm\Obj: [1]
    SEEKFREE_FONT.o                                           833    1 520
    SEEKFREE_IPS200_PARALLEL8.o                    1 344      736
    SEEKFREE_MT9V03X.o                               284      156   22 566
    SEEKFREE_MT9V03X_CSI.o                           388      267   45 250
    SEEKFREE_SCC8660.o                                84       46   76 804
    board.o                                          788      432
    clock_config.o                                 1 780    1 067      168
    common.o                                          16        9        1
    evkmimxrt1064_flexspi_nor_config.o                        512
    evkmimxrt1064_sdram_ini_dcd.o                           1 072
    fsl_assert.o                                      28       40       44
    fsl_clock.o                                    1 972    1 163      160
    fsl_csi.o                                      1 576    1 050      348
    fsl_debug_console.o                              504      399      256
    fsl_edma.o                                     1 100      690      288
    fsl_enet.o                                       232      232      220
    fsl_flexcan.o                                    152      192      216
    fsl_flexio.o                                     100       54       24
    fsl_flexio_camera.o                               60       33
    fsl_flexspi_nor_boot.o                                     48
    fsl_gpio.o                                       238      203      132
    fsl_gpt.o                                        560      588      512
    fsl_lpi2c.o                                      144       79       48
    fsl_lpspi.o                                      240      241      228
    fsl_lpuart.o                                   2 612    1 729      584
    fsl_sai.o                                        312      263      208
    fsl_sdmmc_event.o                                 80       44       12
    fsl_sdmmc_host.o                                 204      200      201
    fsl_spdif.o                                       68       37       16
    fsl_str.o                                      2 404    1 317
    fsl_usdhc.o                                       48       32       28
    isr.o                                            276      152
    lpuart_adapter.o                                 372      379      320
    main.o                                            96       59       12
    serial_manager.o                                 568      430      216
    serial_port_uart.o                               212      224      196
    startup_MIMXRT1064.o                    108
    system_MIMXRT1064.o                     394                 4        4
    usb_device_dci.o                                 378      207
    usb_device_ehci.o                              1 504      825
    zf_camera.o                                       44       24       28
    zf_csi.o                                         884      626      292
    zf_gpio.o                                        436      271       40
    zf_iomuxc.o                                   27 312   15 104      256
    zf_systick.o                                     292      279      217
    zf_uart.o                                      1 112      701      152
    zf_usb_cdc.o                                      32       18       16
    zf_vector.o                                      614    1 360
    ----------------------------------------------------------------------
    Total:                                  502   51 450   34 427  151 583

dl7M_tln.a: [2]
    abort.o                                   6
    exit.o                                             4        3
    low_level_init.o                          4
    ----------------------------------------------------------------------
    Total:                                   10        4        3

m7M_tlv.a: [3]
    DblToS64.o                                        92       52
    S64ToDbl.o                                        82       45
    fpinit_M.o                               34
    frexp.o                                          124       68
    iar_Exp64.o                                      872      479
    ldexp.o                                          240      131
    modf.o                                           158       87
    pow64.o                                        1 392    1 342    1 056
    ----------------------------------------------------------------------
    Total:                                   34    2 960    2 204    1 056

rt7M_tl.a: [4]
    ABImemclr4.o                                       6        4
    ABImemcpy.o                                      134       74
    ABImemset.o                                      102       56
    ABImemset48.o                                     50       29
    I64DivMod.o                                      628      345
    I64DivZer.o                                        2        1
    cexit.o                                           10        6
    cmain.o                                  30
    cstartup_M.o                             12
    data_init.o                              40
    lz77_init.o                             502
    strlen.o                                          54       30
    vector_table_M.o                         64
    zero_init3.o                             58
    ----------------------------------------------------------------------
    Total:                                  706      986      545

shb_l.a: [5]
    exit.o                                   20
    ----------------------------------------------------------------------
    Total:                                   20

    Gaps                                              20        2       49
    Linker created                           16        8       92    4 096
--------------------------------------------------------------------------
    Grand Total:                          1 288   55 428   37 273  156 784


*******************************************************************************
*** ENTRY LIST
***

Entry                       Address    Size  Type      Object
-----                       -------    ----  ----      ------
.iar.init_table$$Base   0x7000'28cc           --   Gb  - Linker created -
.iar.init_table$$Limit  0x7000'2924           --   Gb  - Linker created -
?main                   0x7000'2935          Code  Gb  cmain.o [4]
ARM_MPU_Disable         0x8000'210b    0x1a  Code  Lc  board.o [1]
ARM_MPU_Enable          0x8000'20eb    0x20  Code  Lc  board.o [1]
BOARD_BootClockRUN      0x8000'255d   0x448  Code  Gb  clock_config.o [1]
BOARD_ConfigMPU         0x8000'21dd   0x154  Code  Gb  board.o [1]
BOARD_DebugConsoleSrcFreq
                        0x8000'218b    0x3a  Code  Gb  board.o [1]
BOARD_InitDebugConsole  0x8000'21c5    0x18  Code  Gb  board.o [1]
BusFault_Handler        0x8000'f6dd     0x2  Code  Gb  common.o [1]
CAN1_DriverIRQHandler   0x8000'3ff5    0x26  Code  Gb  fsl_flexcan.o [1]
CAN2_DriverIRQHandler   0x8000'401b    0x26  Code  Gb  fsl_flexcan.o [1]
CAN3_DriverIRQHandler   0x8000'4041    0x26  Code  Gb  fsl_flexcan.o [1]
CLOCK_ControlGate       0x8000'24c9    0x48  Code  Lc  clock_config.o [1]
CLOCK_ControlGate       0x8000'32c1    0x48  Code  Lc  fsl_csi.o [1]
CLOCK_ControlGate       0x8000'421d    0x42  Code  Lc  fsl_gpt.o [1]
CLOCK_ControlGate       0x8000'45ed    0x48  Code  Lc  fsl_lpuart.o [1]
CLOCK_ControlGate       0x8000'7705    0x42  Code  Lc  zf_iomuxc.o [1]
CLOCK_DeinitAudioPll    0x8000'2e59     0xc  Code  Gb  fsl_clock.o [1]
CLOCK_DeinitEnetPll     0x8000'2e71     0xc  Code  Gb  fsl_clock.o [1]
CLOCK_DeinitUsb2Pll     0x8000'2e4f     0xa  Code  Gb  fsl_clock.o [1]
CLOCK_DeinitVideoPll    0x8000'2e65     0xc  Code  Gb  fsl_clock.o [1]
CLOCK_DisableClock      0x8000'2511    0x10  Code  Lc  clock_config.o [1]
CLOCK_DisableClock      0x8000'426f    0x10  Code  Lc  fsl_gpt.o [1]
CLOCK_DisableClock      0x8000'4645    0x10  Code  Lc  fsl_lpuart.o [1]
CLOCK_EnableClock       0x8000'3309    0x10  Code  Lc  fsl_csi.o [1]
CLOCK_EnableClock       0x8000'425f    0x10  Code  Lc  fsl_gpt.o [1]
CLOCK_EnableClock       0x8000'4635    0x10  Code  Lc  fsl_lpuart.o [1]
CLOCK_EnableClock       0x8000'7755    0x10  Code  Lc  zf_iomuxc.o [1]
CLOCK_GetAhbFreq        0x8000'2c71    0x18  Code  Gb  fsl_clock.o [1]
CLOCK_GetDiv            0x8000'214f    0x2a  Code  Lc  board.o [1]
CLOCK_GetFreq           0x8000'2cf9   0x114  Code  Gb  fsl_clock.o [1]
CLOCK_GetIpgFreq        0x8000'2cbd    0x18  Code  Gb  fsl_clock.o [1]
CLOCK_GetMux            0x8000'2125    0x2a  Code  Lc  board.o [1]
CLOCK_GetOscFreq        0x8000'2179    0x12  Code  Lc  board.o [1]
CLOCK_GetOscFreq        0x8000'2aed    0x18  Code  Lc  fsl_clock.o [1]
CLOCK_GetPerClkFreq     0x8000'2cd5    0x24  Code  Gb  fsl_clock.o [1]
CLOCK_GetPeriphClkFreq  0x8000'2b53    0xaa  Code  Lc  fsl_clock.o [1]
CLOCK_GetPllBypassRefClk
                        0x8000'2b31    0x22  Code  Lc  fsl_clock.o [1]
CLOCK_GetPllFreq        0x8000'2e7d   0x2b2  Code  Gb  fsl_clock.o [1]
CLOCK_GetRtcFreq        0x8000'2b05     0x6  Code  Lc  fsl_clock.o [1]
CLOCK_GetSemcFreq       0x8000'2c89    0x34  Code  Gb  fsl_clock.o [1]
CLOCK_GetSysPfdFreq     0x8000'3145    0x60  Code  Gb  fsl_clock.o [1]
CLOCK_GetUsb1PfdFreq    0x8000'31a5    0x60  Code  Gb  fsl_clock.o [1]
CLOCK_InitArmPll        0x8000'2e0f    0x40  Code  Gb  fsl_clock.o [1]
CLOCK_InitExternalClk   0x8000'2bfd    0x4a  Code  Gb  fsl_clock.o [1]
CLOCK_InitRcOsc24M      0x8000'2c63     0xe  Code  Gb  fsl_clock.o [1]
CLOCK_IsPllBypassed     0x8000'2b0b    0x10  Code  Lc  fsl_clock.o [1]
CLOCK_IsPllEnabled      0x8000'2b1b    0x16  Code  Lc  fsl_clock.o [1]
CLOCK_SetDiv            0x8000'2453    0x76  Code  Lc  clock_config.o [1]
CLOCK_SetDiv            0x8000'724b    0x6e  Code  Lc  zf_csi.o [1]
CLOCK_SetMux            0x8000'23dd    0x76  Code  Lc  clock_config.o [1]
CLOCK_SetMux            0x8000'71dd    0x6e  Code  Lc  zf_csi.o [1]
CLOCK_SetPllBypass      0x8000'2531    0x2c  Code  Lc  clock_config.o [1]
CLOCK_SetRtcXtalFreq    0x8000'2529     0x8  Code  Lc  clock_config.o [1]
CLOCK_SetXtalFreq       0x8000'2521     0x8  Code  Lc  clock_config.o [1]
CLOCK_SwitchOsc         0x8000'2c47    0x1c  Code  Gb  fsl_clock.o [1]
CSI_ClearFifo           0x8000'35a7    0x30  Code  Gb  fsl_csi.o [1]
CSI_DriverIRQHandler    0x8000'3877    0x10  Code  Gb  fsl_csi.o [1]
CSI_EnableFifoDmaRequest
                        0x8000'35f7    0x2e  Code  Gb  fsl_csi.o [1]
CSI_EnableInterrupts    0x8000'3625    0x24  Code  Gb  fsl_csi.o [1]
CSI_GetDefaultConfig    0x8000'3543    0x54  Code  Gb  fsl_csi.o [1]
CSI_GetInstance         0x8000'3369    0x34  Code  Lc  fsl_csi.o [1]
CSI_IRQHandler          0x8000'5c6f     0xc  Code  Gb  isr.o [1]
CSI_Init                0x8000'33f9    0xfc  Code  Gb  fsl_csi.o [1]
CSI_ReflashFifoDma      0x8000'35d7    0x20  Code  Gb  fsl_csi.o [1]
CSI_Reset               0x8000'34f5    0x4e  Code  Gb  fsl_csi.o [1]
CSI_SetRxBufferAddr     0x8000'3597    0x10  Code  Gb  fsl_csi.o [1]
CSI_Start               0x8000'3339    0x18  Code  Lc  fsl_csi.o [1]
CSI_Stop                0x8000'3351    0x18  Code  Lc  fsl_csi.o [1]
CSI_TransferCreateHandle
                        0x8000'3649    0x5e  Code  Gb  fsl_csi.o [1]
CSI_TransferGetEmptyBufferCount
                        0x8000'33b9    0x12  Code  Lc  fsl_csi.o [1]
CSI_TransferGetFullBuffer
                        0x8000'3793    0x36  Code  Gb  fsl_csi.o [1]
CSI_TransferGetQueueDelta
                        0x8000'339d     0xe  Code  Lc  fsl_csi.o [1]
CSI_TransferHandleIRQ   0x8000'37cd    0xaa  Code  Gb  fsl_csi.o [1]
CSI_TransferIncreaseQueueIdx
                        0x8000'33ab     0xe  Code  Lc  fsl_csi.o [1]
CSI_TransferLoadBufferToDevice
                        0x8000'33cb    0x2e  Code  Lc  fsl_csi.o [1]
CSI_TransferStart       0x8000'36a7    0x76  Code  Gb  fsl_csi.o [1]
CSI_TransferSubmitEmptyBuffer
                        0x8000'371d    0x76  Code  Gb  fsl_csi.o [1]
CSTACK$$Base            0x2006'f000           --   Gb  - Linker created -
CSTACK$$Limit           0x2007'0000           --   Gb  - Linker created -
ConvertFloatRadixNumToString
                        0x8000'53e9   0x19e  Code  Lc  fsl_str.o [1]
ConvertRadixNumToString
                        0x8000'5299   0x150  Code  Lc  fsl_str.o [1]
DMA0_DMA16_DriverIRQHandler
                        0x8000'3c19    0x2e  Code  Gb  fsl_edma.o [1]
DMA10_DMA26_DriverIRQHandler
                        0x8000'3de7    0x2e  Code  Gb  fsl_edma.o [1]
DMA11_DMA27_DriverIRQHandler
                        0x8000'3e15    0x2e  Code  Gb  fsl_edma.o [1]
DMA12_DMA28_DriverIRQHandler
                        0x8000'3e43    0x2e  Code  Gb  fsl_edma.o [1]
DMA13_DMA29_DriverIRQHandler
                        0x8000'3e71    0x2e  Code  Gb  fsl_edma.o [1]
DMA14_DMA30_DriverIRQHandler
                        0x8000'3e9f    0x2e  Code  Gb  fsl_edma.o [1]
DMA15_DMA31_DriverIRQHandler
                        0x8000'3ecd    0x2e  Code  Gb  fsl_edma.o [1]
DMA1_DMA17_DriverIRQHandler
                        0x8000'3c47    0x2e  Code  Gb  fsl_edma.o [1]
DMA2_DMA18_DriverIRQHandler
                        0x8000'3c77    0x2e  Code  Gb  fsl_edma.o [1]
DMA3_DMA19_DriverIRQHandler
                        0x8000'3ca5    0x2e  Code  Gb  fsl_edma.o [1]
DMA4_DMA20_DriverIRQHandler
                        0x8000'3cd3    0x2e  Code  Gb  fsl_edma.o [1]
DMA5_DMA21_DriverIRQHandler
                        0x8000'3d01    0x2e  Code  Gb  fsl_edma.o [1]
DMA6_DMA22_DriverIRQHandler
                        0x8000'3d2f    0x2e  Code  Gb  fsl_edma.o [1]
DMA7_DMA23_DriverIRQHandler
                        0x8000'3d5d    0x2e  Code  Gb  fsl_edma.o [1]
DMA8_DMA24_DriverIRQHandler
                        0x8000'3d8b    0x2e  Code  Gb  fsl_edma.o [1]
DMA9_DMA25_DriverIRQHandler
                        0x8000'3db9    0x2e  Code  Gb  fsl_edma.o [1]
DTCM_VAR$$Base          0x2000'00c0           --   Gb  - Linker created -
DTCM_VAR$$Limit         0x2001'0940           --   Gb  - Linker created -
DbgConsole_Init         0x8000'3965    0xf2  Code  Gb  fsl_debug_console.o [1]
DbgConsole_PrintCallback
                        0x8000'3927    0x3e  Code  Lc  fsl_debug_console.o [1]
DbgConsole_Printf       0x8000'3a57    0x44  Code  Gb  fsl_debug_console.o [1]
DbgConsole_SendDataReliable
                        0x8000'38c9    0x5e  Code  Gb  fsl_debug_console.o [1]
DebugMon_Handler        0x8000'f6e3     0x2  Code  Gb  common.o [1]
DefaultISR              0x7000'287d          Code  Wk  startup_MIMXRT1064.o [1]
DisableGlobalIRQ        0x8000'5eb5     0x8  Code  Lc  main.o [1]
DisableGlobalIRQ        0x8000'6571     0x8  Code  Lc  SEEKFREE_MT9V03X_CSI.o [1]
DisableGlobalIRQ        0x8000'6749     0x8  Code  Lc  serial_manager.o [1]
DisableGlobalIRQ        0x8000'72b9     0x8  Code  Lc  zf_csi.o [1]
EDMA_GetChannelStatusFlags
                        0x8000'3ac1    0x46  Code  Gb  fsl_edma.o [1]
EDMA_HandleIRQ          0x8000'3b11   0x108  Code  Gb  fsl_edma.o [1]
ENET2_DriverIRQHandler  0x8000'3fcb     0xa  Code  Gb  fsl_enet.o [1]
ENET_1588_Timer_IRQHandler
                        0x8000'3fb1    0x10  Code  Gb  fsl_enet.o [1]
ENET_CommonFrame0IRQHandler
                        0x8000'3f51    0x60  Code  Gb  fsl_enet.o [1]
ENET_DriverIRQHandler   0x8000'3fc1     0xa  Code  Gb  fsl_enet.o [1]
ENET_GetInstance        0x8000'3f0d    0x36  Code  Gb  fsl_enet.o [1]
EnableGlobalIRQ         0x8000'5ebd     0x6  Code  Lc  main.o [1]
EnableGlobalIRQ         0x8000'6579     0x6  Code  Lc  SEEKFREE_MT9V03X_CSI.o [1]
EnableGlobalIRQ         0x8000'6751     0x6  Code  Lc  serial_manager.o [1]
EnableIRQ               0x8000'3319    0x20  Code  Lc  fsl_csi.o [1]
EnableIRQ               0x8000'4655    0x20  Code  Lc  fsl_lpuart.o [1]
FLEXIO1_DriverIRQHandler
                        0x8000'40d9     0x8  Code  Gb  fsl_flexio.o [1]
FLEXIO2_DriverIRQHandler
                        0x8000'40e1     0x8  Code  Gb  fsl_flexio.o [1]
FLEXIO3_DriverIRQHandler
                        0x8000'40e9     0x8  Code  Gb  fsl_flexio.o [1]
FLEXIO_CAMERA_ClearStatusFlags
                        0x8000'40f9    0x34  Code  Gb  fsl_flexio_camera.o [1]
FLEXIO_ClearShifterErrorFlags
                        0x8000'40f5     0x4  Code  Lc  fsl_flexio_camera.o [1]
FLEXIO_ClearShifterStatusFlags
                        0x8000'40f1     0x4  Code  Lc  fsl_flexio_camera.o [1]
FLEXIO_CommonIRQHandler
                        0x8000'408d    0x3e  Code  Gb  fsl_flexio.o [1]
GET_CFG_CSI             0x2000'0070    0x20  Data  Gb  SEEKFREE_MT9V03X_CSI.o [1]
GPIO2_Combined_0_15_IRQHandler
                        0x8000'5cfb    0x3a  Code  Gb  isr.o [1]
GPIO2_Combined_16_31_IRQHandler
                        0x8000'5cdd    0x1e  Code  Gb  isr.o [1]
GPIO3_Combined_0_15_IRQHandler
                        0x8000'51fd    0x42  Code  Gb  fsl_sdmmc_host.o [1]
GPIO_ClearPinsInterruptFlags
                        0x8000'5c5f    0x10  Code  Lc  isr.o [1]
GPIO_ClearPinsInterruptFlags
                        0x8000'6459    0x10  Code  Lc  SEEKFREE_MT9V03X.o [1]
GPIO_ClearPinsInterruptFlags
                        0x8000'66f9    0x10  Code  Lc  SEEKFREE_SCC8660.o [1]
GPIO_ClearPinsOutput    0x8000'756d    0x10  Code  Lc  zf_gpio.o [1]
GPIO_GetPinsInterruptFlags
                        0x8000'5c4f     0xc  Code  Lc  isr.o [1]
GPIO_PinRead            0x8000'5189    0x26  Code  Lc  fsl_sdmmc_host.o [1]
GPIO_PinSetInterruptConfig
                        0x8000'4171    0xaa  Code  Gb  fsl_gpio.o [1]
GPIO_PinWrite           0x8000'412d    0x3a  Code  Gb  fsl_gpio.o [1]
GPIO_PortClear          0x8000'7567     0x6  Code  Lc  zf_gpio.o [1]
GPIO_PortClearInterruptFlags
                        0x8000'51b3     0x4  Code  Lc  fsl_sdmmc_host.o [1]
GPIO_PortClearInterruptFlags
                        0x8000'5c5b     0x4  Code  Lc  isr.o [1]
GPIO_PortClearInterruptFlags
                        0x8000'6455     0x4  Code  Lc  SEEKFREE_MT9V03X.o [1]
GPIO_PortClearInterruptFlags
                        0x8000'66f5     0x4  Code  Lc  SEEKFREE_SCC8660.o [1]
GPIO_PortGetInterruptFlags
                        0x8000'51af     0x4  Code  Lc  fsl_sdmmc_host.o [1]
GPIO_PortGetInterruptFlags
                        0x8000'5c4b     0x4  Code  Lc  isr.o [1]
GPIO_PortSet            0x8000'7551     0x6  Code  Lc  zf_gpio.o [1]
GPIO_SetPinInterruptConfig
                        0x8000'757d    0x16  Code  Lc  zf_gpio.o [1]
GPIO_SetPinsOutput      0x8000'7557    0x10  Code  Lc  zf_gpio.o [1]
GPT_ClearStatusFlags    0x8000'e22d     0x8  Code  Lc  zf_systick.o [1]
GPT_Deinit              0x8000'43bf    0x1a  Code  Gb  fsl_gpt.o [1]
GPT_GetDefaultConfig    0x8000'43d9    0x48  Code  Gb  fsl_gpt.o [1]
GPT_GetInstance         0x8000'42f5    0x2e  Code  Lc  fsl_gpt.o [1]
GPT_GetStatusFlags      0x8000'e223     0xa  Code  Lc  zf_systick.o [1]
GPT_Init                0x8000'4323    0x9c  Code  Gb  fsl_gpt.o [1]
GPT_SetClockDivider     0x8000'42c7    0x2e  Code  Lc  fsl_gpt.o [1]
GPT_SetClockDivider     0x8000'e1b5    0x2e  Code  Lc  zf_systick.o [1]
GPT_SetClockSource      0x8000'428f    0x38  Code  Lc  fsl_gpt.o [1]
GPT_SetOutputCompareValue
                        0x8000'e1f7    0x2c  Code  Lc  zf_systick.o [1]
GPT_SoftwareReset       0x8000'427f    0x10  Code  Lc  fsl_gpt.o [1]
GPT_StartTimer          0x8000'e1e3     0xa  Code  Lc  zf_systick.o [1]
GPT_StopTimer           0x8000'e1ed     0xa  Code  Lc  zf_systick.o [1]
HAL_UartGetStatus       0x8000'5d41    0x10  Code  Lc  lpuart_adapter.o [1]
HAL_UartInit            0x8000'5d51    0xe8  Code  Gb  lpuart_adapter.o [1]
HAL_UartSendBlocking    0x8000'5e39    0x5a  Code  Gb  lpuart_adapter.o [1]
HardFault_Handler       0x8000'f6d9     0x2  Code  Gb  common.o [1]
IOMUXC_SetPinConfig     0x8000'7781    0x10  Code  Lc  zf_iomuxc.o [1]
IOMUXC_SetPinMux        0x8000'7765    0x1c  Code  Lc  zf_iomuxc.o [1]
InStream_Read           0x7000'2455    0x28  Code  Lc  lz77_init.o [4]
InStream_StepRegion     0x7000'2441    0x14  Code  Lc  lz77_init.o [4]
LPI2C1_DriverIRQHandler
                        0x8000'448b     0xc  Code  Gb  fsl_lpi2c.o [1]
LPI2C2_DriverIRQHandler
                        0x8000'4497     0xc  Code  Gb  fsl_lpi2c.o [1]
LPI2C3_DriverIRQHandler
                        0x8000'44a3     0xc  Code  Gb  fsl_lpi2c.o [1]
LPI2C4_DriverIRQHandler
                        0x8000'44af     0xc  Code  Gb  fsl_lpi2c.o [1]
LPI2C_CommonIRQHandler  0x8000'444d    0x3e  Code  Lc  fsl_lpi2c.o [1]
LPSPI1_DriverIRQHandler
                        0x8000'450d    0x24  Code  Gb  fsl_lpspi.o [1]
LPSPI2_DriverIRQHandler
                        0x8000'4531    0x24  Code  Gb  fsl_lpspi.o [1]
LPSPI3_DriverIRQHandler
                        0x8000'4555    0x24  Code  Gb  fsl_lpspi.o [1]
LPSPI4_DriverIRQHandler
                        0x8000'4579    0x24  Code  Gb  fsl_lpspi.o [1]
LPSPI_CommonIRQHandler  0x8000'44e5    0x28  Code  Lc  fsl_lpspi.o [1]
LPSPI_IsMaster          0x8000'44dd     0x8  Code  Lc  fsl_lpspi.o [1]
LPUART1_DriverIRQHandler
                        0x8000'4f3f    0x10  Code  Gb  fsl_lpuart.o [1]
LPUART2_DriverIRQHandler
                        0x8000'4f4f    0x10  Code  Gb  fsl_lpuart.o [1]
LPUART3_DriverIRQHandler
                        0x8000'4f5f    0x10  Code  Gb  fsl_lpuart.o [1]
LPUART4_DriverIRQHandler
                        0x8000'4f6f    0x10  Code  Gb  fsl_lpuart.o [1]
LPUART5_DriverIRQHandler
                        0x8000'4f7f    0x10  Code  Gb  fsl_lpuart.o [1]
LPUART6_DriverIRQHandler
                        0x8000'4f95    0x10  Code  Gb  fsl_lpuart.o [1]
LPUART7_DriverIRQHandler
                        0x8000'4fa5    0x10  Code  Gb  fsl_lpuart.o [1]
LPUART8_DriverIRQHandler
                        0x8000'4fb5    0x10  Code  Gb  fsl_lpuart.o [1]
LPUART_Deinit           0x8000'4a21    0x3e  Code  Gb  fsl_lpuart.o [1]
LPUART_DisableInterrupts
                        0x8000'4af3    0x2a  Code  Gb  fsl_lpuart.o [1]
LPUART_EnableInterrupts
                        0x8000'4acb    0x28  Code  Gb  fsl_lpuart.o [1]
LPUART_GetDefaultConfig
                        0x8000'4a5f    0x6c  Code  Gb  fsl_lpuart.o [1]
LPUART_GetEnabledInterrupts
                        0x8000'4b1d    0x1e  Code  Gb  fsl_lpuart.o [1]
LPUART_GetInstance      0x8000'4687    0x34  Code  Gb  fsl_lpuart.o [1]
LPUART_GetStatusFlags   0x8000'4b3b    0x10  Code  Gb  fsl_lpuart.o [1]
LPUART_Init             0x8000'47b9   0x268  Code  Gb  fsl_lpuart.o [1]
LPUART_ReadNonBlocking  0x8000'4765    0x54  Code  Lc  fsl_lpuart.o [1]
LPUART_SoftwareReset    0x8000'4675    0x12  Code  Lc  fsl_lpuart.o [1]
LPUART_TransferCreateHandle
                        0x8000'4b8b    0x94  Code  Gb  fsl_lpuart.o [1]
LPUART_TransferGetRxRingBufferLength
                        0x8000'46bb    0x46  Code  Gb  fsl_lpuart.o [1]
LPUART_TransferHandleIRQ
                        0x8000'4c5d   0x2e2  Code  Gb  fsl_lpuart.o [1]
LPUART_TransferIsRxRingBufferFull
                        0x8000'4701    0x36  Code  Lc  fsl_lpuart.o [1]
LPUART_WriteBlocking    0x8000'4b4b    0x40  Code  Gb  fsl_lpuart.o [1]
LPUART_WriteNonBlocking
                        0x8000'4737    0x2e  Code  Lc  fsl_lpuart.o [1]
MT9V03X_CFG_CSI         0x2000'0028    0x24  Data  Gb  SEEKFREE_MT9V03X_CSI.o [1]
MemManage_Handler       0x8000'f6db     0x2  Code  Gb  common.o [1]
NMI_Handler             0x8000'f6d7     0x2  Code  Gb  common.o [1]
OCRAM_VAR$$Base         0x2020'0000           --   Gb  - Linker created -
OCRAM_VAR$$Limit        0x2021'2c00           --   Gb  - Linker created -
OutStream_Write         0x7000'247d    0x42  Code  Lc  lz77_init.o [4]
PIT_ClearStatusFlags    0x8000'5c3d     0xe  Code  Lc  isr.o [1]
PIT_GetStatusFlags      0x8000'5c2d    0x10  Code  Lc  isr.o [1]
PIT_IRQHandler          0x8000'5c7b    0x62  Code  Gb  isr.o [1]
PORTPTR                 0x2000'0000    0x28  Data  Gb  zf_gpio.o [1]
PendSV_Handler          0x8000'f6e5     0x2  Code  Gb  common.o [1]
RW$$Base                0x8000'0400           --   Gb  - Linker created -
RW$$Limit               0x8000'f950           --   Gb  - Linker created -
Region$$Table$$Base     0x7000'28cc           --   Gb  - Linker created -
Region$$Table$$Limit    0x7000'2924           --   Gb  - Linker created -
Reset_Handler           0x7000'2815          Code  Gb  startup_MIMXRT1064.o [1]
SAI1_DriverIRQHandler   0x8000'502b    0x4e  Code  Gb  fsl_sai.o [1]
SAI2_DriverIRQHandler   0x8000'5079    0x4e  Code  Gb  fsl_sai.o [1]
SAI3_RX_DriverIRQHandler
                        0x8000'50ed    0x26  Code  Gb  fsl_sai.o [1]
SAI3_TX_DriverIRQHandler
                        0x8000'50c7    0x26  Code  Gb  fsl_sai.o [1]
SAI_RxGetEnabledInterruptStatus
                        0x8000'5001    0x16  Code  Lc  fsl_sai.o [1]
SAI_TxGetEnabledInterruptStatus
                        0x8000'5017    0x14  Code  Lc  fsl_sai.o [1]
SDMMCEVENT_GetInstance  0x8000'5143    0x1c  Code  Lc  fsl_sdmmc_event.o [1]
SDMMCEVENT_Notify       0x8000'515f    0x1e  Code  Gb  fsl_sdmmc_event.o [1]
SDMMCHOST_NofiyCardInsertStatus
                        0x8000'51b7    0x46  Code  Lc  fsl_sdmmc_host.o [1]
SPDIF_DriverIRQHandler  0x8000'5255    0x32  Code  Gb  fsl_spdif.o [1]
SVC_Handler             0x8000'f6e1     0x2  Code  Gb  common.o [1]
SerialManager_Init      0x8000'680f    0x6c  Code  Gb  serial_manager.o [1]
SerialManager_OpenReadHandle
                        0x8000'68dd    0x70  Code  Gb  serial_manager.o [1]
SerialManager_OpenWriteHandle
                        0x8000'687b    0x62  Code  Gb  serial_manager.o [1]
SerialManager_StartWriting
                        0x8000'6757    0x38  Code  Lc  serial_manager.o [1]
SerialManager_Write     0x8000'678f    0x80  Code  Lc  serial_manager.o [1]
SerialManager_WriteBlocking
                        0x8000'694d    0x14  Code  Gb  serial_manager.o [1]
Serial_UartInit         0x8000'6981    0x6e  Code  Gb  serial_port_uart.o [1]
Serial_UartWrite        0x8000'69ef    0x52  Code  Gb  serial_port_uart.o [1]
StrFormatPrintf         0x8000'5591   0x66c  Code  Gb  fsl_str.o [1]
SysTick_Handler         0x8000'5139     0xa  Code  Gb  fsl_sdmmc_event.o [1]
SystemCoreClock         0x2000'0090     0x4  Data  Gb  system_MIMXRT1064.o [1]
SystemInit              0x7000'2651   0x13c  Code  Gb  system_MIMXRT1064.o [1]
UARTN                   0x2000'004c    0x24  Data  Gb  zf_uart.o [1]
USB_DeviceControl       0x8000'6a55    0x36  Code  Lc  usb_device_dci.o [1]
USB_DeviceEhciCancelControlPipe
                        0x8000'6c5d   0x10a  Code  Lc  usb_device_ehci.o [1]
USB_DeviceEhciFillSetupBuffer
                        0x8000'6bd1    0x8c  Code  Lc  usb_device_ehci.o [1]
USB_DeviceEhciInterruptPortChange
                        0x8000'70ad    0x52  Code  Lc  usb_device_ehci.o [1]
USB_DeviceEhciInterruptReset
                        0x8000'70ff    0x66  Code  Lc  usb_device_ehci.o [1]
USB_DeviceEhciInterruptSof
                        0x8000'7165     0x2  Code  Lc  usb_device_ehci.o [1]
USB_DeviceEhciInterruptTokenDone
                        0x8000'6d67   0x346  Code  Lc  usb_device_ehci.o [1]
USB_DeviceEhciIsrFunction
                        0x8000'7167    0x4a  Code  Gb  usb_device_ehci.o [1]
USB_DeviceNotification  0x8000'6aeb    0xba  Code  Lc  usb_device_dci.o [1]
USB_DeviceNotificationTrigger
                        0x8000'6ba5    0x2a  Code  Gb  usb_device_dci.o [1]
USB_DeviceResetNotification
                        0x8000'6a8b    0x60  Code  Lc  usb_device_dci.o [1]
USB_OTG1_IRQHandler     0x8000'e731     0xe  Code  Gb  zf_usb_cdc.o [1]
USB_OTG2_IRQHandler     0x8000'e73f     0xe  Code  Gb  zf_usb_cdc.o [1]
USDHC1_DriverIRQHandler
                        0x8000'5bfd    0x12  Code  Gb  fsl_usdhc.o [1]
USDHC2_DriverIRQHandler
                        0x8000'5c0f    0x12  Code  Gb  fsl_usdhc.o [1]
UsageFault_Handler      0x8000'f6df     0x2  Code  Gb  common.o [1]
ZI$$Base                0x2001'0940           --   Gb  - Linker created -
ZI$$Limit               0x2001'0bd0           --   Gb  - Linker created -
__CSTACK_ADDRESS {Abs}  0x2007'0000          Data  Gb  <internal module>
__NVIC_EnableIRQ        0x8000'32a1    0x20  Code  Lc  fsl_csi.o [1]
__NVIC_EnableIRQ        0x8000'45cd    0x20  Code  Lc  fsl_lpuart.o [1]
__NVIC_SetPriorityGrouping
                        0x8000'20c9    0x22  Code  Lc  board.o [1]
__RAM_VECTOR_TABLE_SIZE {Abs}
                              0x400          Data  Gb  <internal module>
__VECTOR_RAM {Abs}      0x8000'0000          Data  Gb  <internal module>
__VECTOR_TABLE {Abs}    0x7000'2000          Data  Gb  <internal module>
__aeabi_assert          0x8000'2ad1    0x1c  Code  Gb  fsl_assert.o [1]
__aeabi_d2lz            0x8000'eaf5          Code  Gb  DblToS64.o [3]
__aeabi_l2d             0x8000'eb51          Code  Gb  S64ToDbl.o [3]
__aeabi_ldiv0           0x8000'f1b5          Code  Gb  I64DivZer.o [4]
__aeabi_ldivmod         0x8000'e841          Code  Gb  I64DivMod.o [4]
__aeabi_memclr4         0x8000'eab5          Code  Gb  ABImemclr4.o [4]
__aeabi_memcpy4         0x8000'e7b9          Code  Gb  ABImemcpy.o [4]
__aeabi_memcpy8         0x8000'e7b9          Code  Gb  ABImemcpy.o [4]
__aeabi_memset          0x8000'e751          Code  Gb  ABImemset.o [4]
__aeabi_uldivmod        0x8000'e885          Code  Gb  I64DivMod.o [4]
__cmain                 0x7000'2935          Code  Gb  cmain.o [4]
__exit                  0x7000'263d    0x14  Code  Gb  exit.o [5]
__iar_Exp64             0x8000'f1ed   0x368  Code  Gb  iar_Exp64.o [3]
__iar_Memset            0x8000'e751          Code  Gb  ABImemset.o [4]
__iar_Memset4_word      0x8000'f1b9          Code  Gb  ABImemset48.o [4]
__iar_Memset8_word      0x8000'f1b9          Code  Gb  ABImemset48.o [4]
__iar_Memset_word       0x8000'e759          Code  Gb  ABImemset.o [4]
__iar_Pow64             0x8000'ec45   0x4e4  Code  Lc  pow64.o [3]
__iar_data_init3        0x7000'2881    0x28  Code  Gb  data_init.o [4]
__iar_frexp             0x8000'f56d          Code  Gb  frexp.o [3]
__iar_frexp64           0x8000'f555          Code  Gb  frexp.o [3]
__iar_frexpl            0x8000'f56d          Code  Gb  frexp.o [3]
__iar_init_vfp          0x7000'28a9          Code  Gb  fpinit_M.o [3]
__iar_ldexp64           0x8000'f5d1          Code  Gb  ldexp.o [3]
__iar_lz77_init3        0x7000'24bf   0x178  Code  Gb  lz77_init.o [4]
__iar_modf              0x8000'ebb5          Code  Gb  modf.o [3]
__iar_modf64            0x8000'eba5          Code  Gb  modf.o [3]
__iar_modfl             0x8000'ebb5          Code  Gb  modf.o [3]
__iar_pow64             0x8000'f1b1     0x4  Code  Gb  pow64.o [3]
__iar_pow_medium        0x8000'f1b1     0x4  Code  Gb  pow64.o [3]
__iar_pow_medium64      0x8000'f1b1     0x4  Code  Gb  pow64.o [3]
__iar_pow_mediuml       0x8000'f1b1     0x4  Code  Gb  pow64.o [3]
__iar_program_start     0x7000'2957          Code  Gb  cstartup_M.o [4]
__iar_scalbln64         0x8000'f5d1          Code  Gb  ldexp.o [3]
__iar_scalbn64          0x8000'f5d1          Code  Gb  ldexp.o [3]
__iar_zero_init3        0x7000'27db    0x3a  Code  Gb  zero_init3.o [4]
__low_level_init        0x7000'2953     0x4  Code  Gb  low_level_init.o [2]
__vector_table          0x7000'2400          Data  Gb  vector_table_M.o [4]
__zf_vector_table       0x7000'2000   0x400  Data  Gb  zf_vector.o [1]
_call_main              0x7000'2941          Code  Gb  cmain.o [4]
_exit                   0x8000'f6c9          Code  Gb  cexit.o [4]
_main                   0x7000'294f          Code  Gb  cmain.o [4]
abort                   0x7000'2637     0x6  Code  Gb  abort.o [2]
armPllConfig_BOARD_BootClockRUN
                        0x8000'08c0     0x8  Data  Gb  clock_config.o [1]
board_init              0x8000'2331    0x24  Code  Gb  board.o [1]
boot_data               0x7000'1020    0x10  Data  Gb  fsl_flexspi_nor_boot.o [1]
csi_add_empty_buffer    0x8000'74f1    0x12  Code  Gb  zf_csi.o [1]
csi_g_lpuartHandle      0x2001'0b48    0x30  Data  Gb  SEEKFREE_MT9V03X_CSI.o [1]
csi_get_full_buffer     0x8000'7503    0x1c  Code  Gb  zf_csi.o [1]
csi_handle              0x2001'0b9c    0x1c  Data  Gb  zf_csi.o [1]
csi_init                0x8000'737d   0x174  Code  Gb  zf_csi.o [1]
csi_iomuxc              0x8000'72c1    0xbc  Code  Gb  zf_csi.o [1]
csi_isr                 0x8000'65c9    0x52  Code  Gb  SEEKFREE_MT9V03X_CSI.o [1]
csi_mt9v03x_uart_callback
                        0x8000'657f    0x4a  Code  Gb  SEEKFREE_MT9V03X_CSI.o [1]
csi_receivexfer         0x2001'0b40     0x8  Data  Gb  SEEKFREE_MT9V03X_CSI.o [1]
csi_rx_buffer           0x2001'0b3c     0x1  Data  Gb  SEEKFREE_MT9V03X_CSI.o [1]
csi_start               0x8000'751f     0xe  Code  Gb  zf_csi.o [1]
dcd_data                0x7000'1030   0x430  Data  Gb  evkmimxrt1064_sdram_ini_dcd.o [1]
dma_restart             0x8000'71bd    0x14  Code  Gb  zf_camera.o [1]
exit                    0x8000'f94d     0x4  Code  Gb  exit.o [2]
fast_gpio_init          0x8000'7593   0x11a  Code  Gb  zf_gpio.o [1]
fast_gpio_set           0x8000'76ad    0x46  Code  Gb  zf_gpio.o [1]
flexio_camera_type      0x2001'0940     0x1  Data  Gb  common.o [1]
flexio_flag_clear       0x8000'71b1     0xc  Code  Gb  zf_camera.o [1]
frexp                   0x8000'f555          Code  Gb  frexp.o [3]
frexpl                  0x8000'f555          Code  Gb  frexp.o [3]
fullCameraBufferAddr    0x2001'0bb8     0x4  Data  Gb  zf_csi.o [1]
g_eventCardDetect       0x2001'0ad8     0x4  Data  Lc  fsl_sdmmc_event.o [1]
g_eventTimeMilliseconds
                        0x2001'0ae0     0x4  Data  Gb  fsl_sdmmc_event.o [1]
g_eventTransferComplete
                        0x2001'0adc     0x4  Data  Lc  fsl_sdmmc_event.o [1]
g_rtcXtalFreq           0x2001'0948     0x4  Data  Gb  fsl_clock.o [1]
g_serialHandle          0x2001'0970     0x4  Data  Gb  fsl_debug_console.o [1]
g_usdhcHandle           0x2001'0ae4    0x28  Data  Gb  fsl_sdmmc_host.o [1]
g_xtalFreq              0x2001'0944     0x4  Data  Gb  fsl_clock.o [1]
get_config              0x8000'64e7    0x66  Code  Gb  SEEKFREE_MT9V03X.o [1]
gpt_init                0x8000'e235    0x36  Code  Gb  zf_systick.o [1]
gpt_init_flag           0x2001'0bbc     0x1  Data  Lc  zf_systick.o [1]
image_vector_table      0x7000'1000    0x20  Data  Gb  fsl_flexspi_nor_boot.o [1]
iomuxc_pinconf          0x8000'7791  0x694c  Code  Gb  zf_iomuxc.o [1]
ips200_address_set      0x8000'6019    0x3e  Code  Gb  SEEKFREE_IPS200_PARALLEL8.o [1]
ips200_clear            0x8000'62a5    0x3c  Code  Gb  SEEKFREE_IPS200_PARALLEL8.o [1]
ips200_displayimage032  0x8000'6395    0xb6  Code  Gb  SEEKFREE_IPS200_PARALLEL8.o [1]
ips200_init             0x8000'6057   0x24e  Code  Gb  SEEKFREE_IPS200_PARALLEL8.o [1]
ips200_showchar         0x8000'62e1    0x7e  Code  Gb  SEEKFREE_IPS200_PARALLEL8.o [1]
ips200_showstr          0x8000'635f    0x36  Code  Gb  SEEKFREE_IPS200_PARALLEL8.o [1]
ips200_w_data           0x8000'5f15    0x2e  Code  Gb  SEEKFREE_IPS200_PARALLEL8.o [1]
ips200_wr_data          0x8000'5f81    0x3e  Code  Gb  SEEKFREE_IPS200_PARALLEL8.o [1]
ips200_wr_data16        0x8000'5fbf    0x5a  Code  Gb  SEEKFREE_IPS200_PARALLEL8.o [1]
ips200_wr_reg           0x8000'5f43    0x3e  Code  Gb  SEEKFREE_IPS200_PARALLEL8.o [1]
ldexp                   0x8000'f5d1          Code  Gb  ldexp.o [3]
ldexpl                  0x8000'f5d1          Code  Gb  ldexp.o [3]
lnbias                  0x8000'0400   0x420  Data  Lc  pow64.o [3]
m_boot_hdr_conf_start {Abs}
                        0x7000'0000          Data  Gb  <internal module>
main                    0x8000'5ec3    0x44  Code  Gb  main.o [1]
modf                    0x8000'eba5          Code  Gb  modf.o [3]
modfl                   0x8000'eba5          Code  Gb  modf.o [3]
mt9v03x_csi1_image      0x2000'00c0  0x5820  Data  Gb  SEEKFREE_MT9V03X_CSI.o [1]
mt9v03x_csi2_image      0x2000'5900  0x5820  Data  Gb  SEEKFREE_MT9V03X_CSI.o [1]
mt9v03x_csi_finish_flag
                        0x2001'0b78     0x1  Data  Gb  SEEKFREE_MT9V03X_CSI.o [1]
mt9v03x_csi_image       0x2001'0b38     0x4  Data  Gb  SEEKFREE_MT9V03X_CSI.o [1]
mt9v03x_csi_init        0x8000'661b    0x98  Code  Gb  SEEKFREE_MT9V03X_CSI.o [1]
mt9v03x_image           0x2000'b120  0x5820  Data  Gb  SEEKFREE_MT9V03X.o [1]
mt9v03x_vsync           0x8000'654d    0x14  Code  Gb  SEEKFREE_MT9V03X.o [1]
pow                     0x8000'f1b1     0x4  Code  Gb  pow64.o [3]
powl                    0x8000'f1b1     0x4  Code  Gb  pow64.o [3]
qspiflash_config        0x7000'0000   0x200  Data  Gb  evkmimxrt1064_flexspi_nor_config.o [1]
receive                 0x2001'0b30     0x4  Data  Gb  SEEKFREE_MT9V03X.o [1]
receive_num             0x2001'0b34     0x1  Data  Gb  SEEKFREE_MT9V03X.o [1]
s_EDMAHandle            0x2001'0974    0x80  Data  Lc  fsl_edma.o [1]
s_ENETHandle            0x2001'09f4     0xc  Data  Lc  fsl_enet.o [1]
s_FlexioCameraDevice    0x2001'0b80    0x1c  Data  Lc  zf_camera.o [1]
s_LpuartAdapterBase     0x8000'15bc    0x24  Data  Lc  lpuart_adapter.o [1]
s_cdcVcom               0x2001'0bc0    0x10  Data  Gb  zf_usb_cdc.o [1]
s_csiBases              0x8000'0ad8     0x4  Data  Lc  fsl_csi.o [1]
s_csiClocks             0x8000'f6d2     0x2  Data  Lc  fsl_csi.o [1]
s_csiHandle             0x2001'094c     0x4  Data  Lc  fsl_csi.o [1]
s_csiIRQ                0x8000'f6d4     0x2  Data  Lc  fsl_csi.o [1]
s_csiIsr                0x2001'0950     0x4  Data  Lc  fsl_csi.o [1]
s_debugConsoleState     0x2001'0954    0x1c  Data  Lc  fsl_debug_console.o [1]
s_enetBases             0x8000'0d10     0xc  Data  Lc  fsl_enet.o [1]
s_enetErrIsr            0x2001'0a08     0x4  Data  Lc  fsl_enet.o [1]
s_enetRxIsr             0x2001'0a04     0x4  Data  Lc  fsl_enet.o [1]
s_enetTsIsr             0x2001'0a0c     0x4  Data  Lc  fsl_enet.o [1]
s_enetTxIsr             0x2001'0a00     0x4  Data  Lc  fsl_enet.o [1]
s_flexcanHandle         0x2001'0a10    0x10  Data  Lc  fsl_flexcan.o [1]
s_flexcanIsr            0x2001'0a20     0x4  Data  Lc  fsl_flexcan.o [1]
s_flexioHandle          0x2001'0a24     0x8  Data  Lc  fsl_flexio.o [1]
s_flexioIsr             0x2001'0a34     0x8  Data  Lc  fsl_flexio.o [1]
s_flexioType            0x2001'0a2c     0x8  Data  Lc  fsl_flexio.o [1]
s_gptBases              0x8000'1050     0xc  Data  Lc  fsl_gpt.o [1]
s_gptClocks             0x8000'105c     0x8  Data  Lc  fsl_gpt.o [1]
s_lpi2cMasterHandle     0x2001'0a40    0x14  Data  Lc  fsl_lpi2c.o [1]
s_lpi2cMasterIsr        0x2001'0a3c     0x4  Data  Lc  fsl_lpi2c.o [1]
s_lpi2cSlaveHandle      0x2001'0a58    0x14  Data  Lc  fsl_lpi2c.o [1]
s_lpi2cSlaveIsr         0x2001'0a54     0x4  Data  Lc  fsl_lpi2c.o [1]
s_lpspiHandle           0x2001'0a6c    0x14  Data  Lc  fsl_lpspi.o [1]
s_lpspiMasterIsr        0x2001'0a80     0x4  Data  Lc  fsl_lpspi.o [1]
s_lpspiSlaveIsr         0x2001'0a84     0x4  Data  Lc  fsl_lpspi.o [1]
s_lpuartBases           0x8000'1300    0x24  Data  Lc  fsl_lpuart.o [1]
s_lpuartClock           0x8000'1338    0x14  Data  Lc  fsl_lpuart.o [1]
s_lpuartHandle          0x2001'0a88    0x24  Data  Lc  fsl_lpuart.o [1]
s_lpuartIRQ             0x8000'1324    0x14  Data  Lc  fsl_lpuart.o [1]
s_lpuartIsr             0x2001'0aac     0x4  Data  Lc  fsl_lpuart.o [1]
s_saiHandle             0x2001'0ab0    0x20  Data  Lc  fsl_sai.o [1]
s_saiRxIsr              0x2001'0ad4     0x4  Data  Lc  fsl_sai.o [1]
s_saiTxIsr              0x2001'0ad0     0x4  Data  Lc  fsl_sai.o [1]
s_sdInsertedFlag        0x2001'0b0c     0x1  Data  Lc  fsl_sdmmc_host.o [1]
s_spdifHandle           0x2001'0b10     0x8  Data  Lc  fsl_spdif.o [1]
s_spdifRxIsr            0x2001'0b1c     0x4  Data  Lc  fsl_spdif.o [1]
s_spdifTxIsr            0x2001'0b18     0x4  Data  Lc  fsl_spdif.o [1]
s_usdhcBase             0x8000'1494     0xc  Data  Lc  fsl_usdhc.o [1]
s_usdhcHandle           0x2001'0b20     0xc  Data  Lc  fsl_usdhc.o [1]
s_usdhcIsr              0x2001'0b2c     0x4  Data  Lc  fsl_usdhc.o [1]
scalbln                 0x8000'f5d1          Code  Gb  ldexp.o [3]
scalblnl                0x8000'f5d1          Code  Gb  ldexp.o [3]
scalbn                  0x8000'f5d1          Code  Gb  ldexp.o [3]
scalbnl                 0x8000'f5d1          Code  Gb  ldexp.o [3]
scc8660_flexio1_image   0x2020'0000  0x9600  Data  Gb  SEEKFREE_SCC8660.o [1]
scc8660_flexio2_image   0x2020'9600  0x9600  Data  Gb  SEEKFREE_SCC8660.o [1]
scc8660_image           0x2001'0b7c     0x4  Data  Gb  SEEKFREE_SCC8660.o [1]
scc8660_vsync           0x8000'6709    0x2e  Code  Gb  SEEKFREE_SCC8660.o [1]
set_config              0x8000'6469    0x7e  Code  Gb  SEEKFREE_MT9V03X.o [1]
strlen                  0x8000'eabd          Code  Gb  strlen.o [4]
systick_delay           0x8000'e26b    0x36  Code  Gb  zf_systick.o [1]
systick_delay_ms        0x8000'e2a1    0x24  Code  Gb  zf_systick.o [1]
tft_ascii               0x8000'15ec   0x5f0  Data  Gb  SEEKFREE_FONT.o [1]
uart_init               0x8000'e627    0x6e  Code  Gb  zf_uart.o [1]
uart_iomuxc             0x8000'e2d9   0x34e  Code  Gb  zf_uart.o [1]
uart_putbuff            0x8000'e695    0x1c  Code  Gb  zf_uart.o [1]
uart_receive_flag       0x2001'0b35     0x1  Data  Gb  SEEKFREE_MT9V03X.o [1]
uart_rx_irq             0x8000'e6b1    0x36  Code  Gb  zf_uart.o [1]
uart_set_handle         0x8000'e6e7    0x3c  Code  Gb  zf_uart.o [1]


[1] = C:\Users\Sugar-lxn\Desktop\RT1064_Library\Seekfree_RT1064_Opensource_Library\Project\IAR\program\nor_sdram_zf_dtcm\Obj
[2] = dl7M_tln.a
[3] = m7M_tlv.a
[4] = rt7M_tl.a
[5] = shb_l.a

    1 288 bytes of readonly  code memory
   55 428 bytes of readwrite code memory
   37 273 bytes of readonly  data memory
  156 784 bytes of readwrite data memory

Errors: none
Warnings: none
